--------------------------------------------------------------------------------
Release 12.4 Trace  (nt64)
Copyright (c) 1995-2010 Xilinx, Inc.  All rights reserved.

C:\Xilinx\12.4\ISE_DS\ISE\bin\nt64\unwrapped\trce.exe -intstyle ise -v 3 -s 5
-n 3 -fastpaths -xml ppm.twx ppm.ncd -o ppm.twr ppm.pcf -ucf ppm.ucf

Design file:              ppm.ncd
Physical constraint file: ppm.pcf
Device,package,speed:     xc3s500e,fg320,-5 (PRODUCTION 1.27 2010-11-18)
Report level:             verbose report

Environment Variable      Effect 
--------------------      ------ 
NONE                      No environment variables were set
--------------------------------------------------------------------------------

INFO:Timing:2698 - No timing constraints found, doing default enumeration.
INFO:Timing:2752 - To get complete path coverage, use the unconstrained paths 
   option. All paths that are not constrained will be reported in the 
   unconstrained paths section(s) of the report.
INFO:Timing:3339 - The clock-to-out numbers in this timing report are based on 
   a 50 Ohm transmission line loading model.  For the details of this model, 
   and for more information on accounting for different loading conditions, 
   please see the device datasheet.
INFO:Timing:3390 - This architecture does not support a default System Jitter 
   value, please add SYSTEM_JITTER constraint to the UCF to modify the Clock 
   Uncertainty calculation.
INFO:Timing:3389 - This architecture does not support 'Discrete Jitter' and 
   'Phase Error' calculations, these terms will be zero in the Clock 
   Uncertainty calculation.  Please make appropriate modification to 
   SYSTEM_JITTER to account for the unsupported Discrete Jitter and Phase 
   Error.



Data Sheet report:
-----------------
All values displayed in nanoseconds (ns)

Clock to Setup on destination clock CLOCK_NP2B
---------------+---------+---------+---------+---------+
               | Src:Rise| Src:Fall| Src:Rise| Src:Fall|
Source Clock   |Dest:Rise|Dest:Rise|Dest:Fall|Dest:Fall|
---------------+---------+---------+---------+---------+
CLOCK_NP2B     |    5.491|         |         |         |
---------------+---------+---------+---------+---------+

Pad to Pad
---------------+---------------+---------+
Source Pad     |Destination Pad|  Delay  |
---------------+---------------+---------+
P1ADD_NP2B     |A1_NB2P        |   12.473|
P1ADD_NP2B     |A2_NB2P        |   12.831|
P1ADD_NP2B     |A3_NB2P        |   11.998|
P1ADD_NP2B     |A4_NB2P        |   11.394|
P1ADD_NP2B     |ADD_NB2P       |    8.209|
P1ADD_NP2B     |RD0_NB2P       |    7.048|
P1PLAY_NP2B    |CA_NB2P        |   13.602|
P1PLAY_NP2B    |CB_NB2P        |   12.812|
P1PLAY_NP2B    |CC_NB2P        |   12.822|
P1PLAY_NP2B    |CD_NB2P        |   12.769|
P1PLAY_NP2B    |CE_NB2P        |   12.678|
P1PLAY_NP2B    |CF_NB2P        |   13.272|
P1PLAY_NP2B    |CG_NB2P        |   12.991|
P1SEL0_NP2B    |RD0_NB2P       |    8.637|
P1SEL0_NP2B    |RD1_NB2P       |    9.987|
P1SEL0_NP2B    |RD2_NB2P       |   10.777|
P1SEL0_NP2B    |RD3_NB2P       |    9.787|
P1SEL1_NP2B    |RD0_NB2P       |    8.321|
P1SEL1_NP2B    |RD1_NB2P       |    9.671|
P1SEL1_NP2B    |RD2_NB2P       |   10.461|
P1SEL1_NP2B    |RD3_NB2P       |    9.471|
P1SEL2_NP2B    |RD0_NB2P       |    9.534|
P1SEL2_NP2B    |RD1_NB2P       |   10.884|
P1SEL2_NP2B    |RD2_NB2P       |   11.674|
P1SEL2_NP2B    |RD3_NB2P       |   10.684|
P1SEL3_NP2B    |RD0_NB2P       |    9.504|
P1SEL3_NP2B    |RD1_NB2P       |   10.854|
P1SEL3_NP2B    |RD2_NB2P       |   11.644|
P1SEL3_NP2B    |RD3_NB2P       |   10.654|
SHPTS_NP2B     |A1_NB2P        |   10.532|
SHPTS_NP2B     |A2_NB2P        |   10.890|
SHPTS_NP2B     |A3_NB2P        |   10.057|
SHPTS_NP2B     |A4_NB2P        |    9.453|
SHPTS_NP2B     |CA_NB2P        |   15.329|
SHPTS_NP2B     |CB_NB2P        |   15.187|
SHPTS_NP2B     |CC_NB2P        |   14.753|
SHPTS_NP2B     |CD_NB2P        |   15.144|
SHPTS_NP2B     |CE_NB2P        |   14.438|
SHPTS_NP2B     |CF_NB2P        |   15.032|
SHPTS_NP2B     |CG_NB2P        |   14.718|
TRD1_NP2B      |RD1_NB2P       |    7.963|
TRD2_NP2B      |RD2_NB2P       |    9.726|
TRD3_NP2B      |RD3_NB2P       |    8.453|
---------------+---------------+---------+


Analysis completed Sat Nov 02 15:52:58 2013 
--------------------------------------------------------------------------------

Trace Settings:
-------------------------
Trace Settings 

Peak Memory Usage: 161 MB



