EN u74_157_muser_ppm NULL //rh227srv.labs.poly.edu/users/btsai01/CS2204/exp2/Ppm/ppm.vhf sub00/vhpl44 1380304093
EN fd4ce_mxilinx_ppm NULL //rh227srv.labs.poly.edu/users/btsai01/CS2204/exp2/Ppm/ppm.vhf sub00/vhpl40 1380304097
EN comp4_mxilinx_ppm NULL //rh227srv.labs.poly.edu/users/btsai01/CS2204/exp2/Ppm/ppm.vhf sub00/vhpl26 1380304095
AR m8_1e_mxilinx_ppm behavioral //rh227srv.labs.poly.edu/users/btsai01/CS2204/exp2/Ppm/ppm.vhf sub00/vhpl65 1380304124
AR m2_1e_mxilinx_ppm behavioral //rh227srv.labs.poly.edu/users/btsai01/CS2204/exp2/Ppm/ppm.vhf sub00/vhpl35 1380304088
EN compm8_mxilinx_ppm NULL //rh227srv.labs.poly.edu/users/btsai01/CS2204/exp2/Ppm/ppm.vhf sub00/vhpl28 1380304105
EN add4_mxilinx_ppm NULL //rh227srv.labs.poly.edu/users/btsai01/CS2204/exp2/Ppm/ppm.vhf sub00/vhpl50 1380304085
EN compm2_mxilinx_ppm NULL //rh227srv.labs.poly.edu/users/btsai01/CS2204/exp2/Ppm/ppm.vhf sub00/vhpl42 1380304111
AR comp4_mxilinx_codegen behavioral //rh227srv.labs.poly.edu/users/btsai01/CS2204/exp2/Ppm/CODEGEN.vhf sub00/vhpl05 1380304064
AR codedisc behavioral //rh227srv.labs.poly.edu/users/btsai01/CS2204/exp2/Ppm/CODEDISC.vhf sub00/vhpl21 1380304080
AR zerodisplay behavioral //rh227srv.labs.poly.edu/users/btsai01/CS2204/exp2/Ppm/ZERODISPLAY.vhf sub00/vhpl11 1380304074
EN fd8ce_mxilinx_ppm NULL //rh227srv.labs.poly.edu/users/btsai01/CS2204/exp2/Ppm/ppm.vhf sub00/vhpl52 1380304113
AR cb4ce_mxilinx_ppm behavioral //rh227srv.labs.poly.edu/users/btsai01/CS2204/exp2/Ppm/ppm.vhf sub00/vhpl25 1380304110
AR ppm behavioral //rh227srv.labs.poly.edu/users/btsai01/CS2204/exp2/Ppm/ppm.vhf sub00/vhpl67 1380304126
AR add4_mxilinx_ppm behavioral //rh227srv.labs.poly.edu/users/btsai01/CS2204/exp2/Ppm/ppm.vhf sub00/vhpl51 1380304086
AR m4_1e_mxilinx_ppm behavioral //rh227srv.labs.poly.edu/users/btsai01/CS2204/exp2/Ppm/ppm.vhf sub00/vhpl49 1380304090
EN cd4ce_mxilinx_ppm NULL //rh227srv.labs.poly.edu/users/btsai01/CS2204/exp2/Ppm/ppm.vhf sub00/vhpl54 1380304115
EN cb16ce_mxilinx_ppm NULL //rh227srv.labs.poly.edu/users/btsai01/CS2204/exp2/Ppm/ppm.vhf sub00/vhpl58 1380304101
AR fd4ce_mxilinx_codedisc behavioral //rh227srv.labs.poly.edu/users/btsai01/CS2204/exp2/Ppm/CODEDISC.vhf sub00/vhpl17 1380304076
AR compm4_mxilinx_ppm behavioral D:/work/academic/cs2204/fall11/labs/pfhvsm/ppm.vhf sub00/vhpl75 1315245365
AR ftclex_mxilinx_ppm behavioral //rh227srv.labs.poly.edu/users/btsai01/CS2204/exp2/Ppm/ppm.vhf sub00/vhpl61 1380304120
AR cd4ce_mxilinx_ppm behavioral //rh227srv.labs.poly.edu/users/btsai01/CS2204/exp2/Ppm/ppm.vhf sub00/vhpl55 1380304116
AR m2_1e_mxilinx_x74_153 behavioral //rh227srv.labs.poly.edu/users/btsai01/CS2204/exp2/Ppm/X74_153.vhf sub00/vhpl69 1380304128
AR codegen behavioral //rh227srv.labs.poly.edu/users/btsai01/CS2204/exp2/Ppm/CODEGEN.vhf sub00/vhpl09 1380304068
EN cb4ce_mxilinx_ppm NULL //rh227srv.labs.poly.edu/users/btsai01/CS2204/exp2/Ppm/ppm.vhf sub00/vhpl24 1380304109
EN comp4_mxilinx_codedisc NULL //rh227srv.labs.poly.edu/users/btsai01/CS2204/exp2/Ppm/CODEDISC.vhf sub00/vhpl18 1380304077
EN x74_153_muser_ppm NULL //rh227srv.labs.poly.edu/users/btsai01/CS2204/exp2/Ppm/ppm.vhf sub00/vhpl46 1380304091
AR m2_1e_mxilinx_u74_157 behavioral //rh227srv.labs.poly.edu/users/btsai01/CS2204/exp2/Ppm/u74_157.vhf sub00/vhpl01 1380304060
AR cb16ce_mxilinx_ppm behavioral //rh227srv.labs.poly.edu/users/btsai01/CS2204/exp2/Ppm/ppm.vhf sub00/vhpl59 1380304102
AR comp4_mxilinx_codedisc behavioral //rh227srv.labs.poly.edu/users/btsai01/CS2204/exp2/Ppm/CODEDISC.vhf sub00/vhpl19 1380304078
EN comp4_mxilinx_codegen NULL //rh227srv.labs.poly.edu/users/btsai01/CS2204/exp2/Ppm/CODEGEN.vhf sub00/vhpl04 1380304063
EN largestdisp NULL //rh227srv.labs.poly.edu/users/btsai01/CS2204/exp2/Ppm/LARGESTDISP.vhf sub00/vhpl14 1380304071
AR d2_4e_mxilinx_ppm behavioral //rh227srv.labs.poly.edu/users/btsai01/CS2204/exp2/Ppm/ppm.vhf sub00/vhpl57 1380304118
EN add8_mxilinx_ppm NULL //rh227srv.labs.poly.edu/users/btsai01/CS2204/exp2/Ppm/ppm.vhf sub00/vhpl30 1380304083
EN m2_1_mxilinx_x74_153 NULL //rh227srv.labs.poly.edu/users/btsai01/CS2204/exp2/Ppm/X74_153.vhf sub00/vhpl70 1380304129
EN m2_1e_mxilinx_x74_153 NULL //rh227srv.labs.poly.edu/users/btsai01/CS2204/exp2/Ppm/X74_153.vhf sub00/vhpl68 1380304127
AR fd4ce_mxilinx_ppm behavioral //rh227srv.labs.poly.edu/users/btsai01/CS2204/exp2/Ppm/ppm.vhf sub00/vhpl41 1380304098
AR x74_153 behavioral //rh227srv.labs.poly.edu/users/btsai01/CS2204/exp2/Ppm/X74_153.vhf sub00/vhpl73 1380304132
EN x74_153 NULL //rh227srv.labs.poly.edu/users/btsai01/CS2204/exp2/Ppm/X74_153.vhf sub00/vhpl72 1380304131
AR m2_1_mxilinx_x74_153 behavioral //rh227srv.labs.poly.edu/users/btsai01/CS2204/exp2/Ppm/X74_153.vhf sub00/vhpl71 1380304130
EN ftclex_mxilinx_ppm NULL //rh227srv.labs.poly.edu/users/btsai01/CS2204/exp2/Ppm/ppm.vhf sub00/vhpl60 1380304119
EN fd4ce_mxilinx_codegen NULL //rh227srv.labs.poly.edu/users/btsai01/CS2204/exp2/Ppm/CODEGEN.vhf sub00/vhpl06 1380304065
AR u74_157 behavioral //rh227srv.labs.poly.edu/users/btsai01/CS2204/exp2/Ppm/u74_157.vhf sub00/vhpl03 1380304062
EN d2_4e_mxilinx_ppm NULL //rh227srv.labs.poly.edu/users/btsai01/CS2204/exp2/Ppm/ppm.vhf sub00/vhpl56 1380304117
EN m8_1e_mxilinx_ppm NULL //rh227srv.labs.poly.edu/users/btsai01/CS2204/exp2/Ppm/ppm.vhf sub00/vhpl64 1380304123
EN m2_1e_mxilinx_u74_157 NULL //rh227srv.labs.poly.edu/users/btsai01/CS2204/exp2/Ppm/u74_157.vhf sub00/vhpl00 1380304059
EN u74_157 NULL //rh227srv.labs.poly.edu/users/btsai01/CS2204/exp2/Ppm/u74_157.vhf sub00/vhpl02 1380304061
EN ftce_mxilinx_ppm NULL //rh227srv.labs.poly.edu/users/btsai01/CS2204/exp2/Ppm/ppm.vhf sub00/vhpl22 1380304099
AR add8_mxilinx_ppm behavioral //rh227srv.labs.poly.edu/users/btsai01/CS2204/exp2/Ppm/ppm.vhf sub00/vhpl31 1380304084
EN cb4cle_mxilinx_ppm NULL //rh227srv.labs.poly.edu/users/btsai01/CS2204/exp2/Ppm/ppm.vhf sub00/vhpl62 1380304121
EN d3_8e_mxilinx_ppm NULL //rh227srv.labs.poly.edu/users/btsai01/CS2204/exp2/Ppm/ppm.vhf sub00/vhpl38 1380304107
AR ftce_mxilinx_ppm behavioral //rh227srv.labs.poly.edu/users/btsai01/CS2204/exp2/Ppm/ppm.vhf sub00/vhpl23 1380304100
AR compm2_mxilinx_ppm behavioral //rh227srv.labs.poly.edu/users/btsai01/CS2204/exp2/Ppm/ppm.vhf sub00/vhpl43 1380304112
AR compm8_mxilinx_ppm behavioral //rh227srv.labs.poly.edu/users/btsai01/CS2204/exp2/Ppm/ppm.vhf sub00/vhpl29 1380304106
EN compm4_mxilinx_largestdisp NULL //rh227srv.labs.poly.edu/users/btsai01/CS2204/exp2/Ppm/LARGESTDISP.vhf sub00/vhpl12 1380304069
AR m2_1_mxilinx_ppm behavioral //rh227srv.labs.poly.edu/users/btsai01/CS2204/exp2/Ppm/ppm.vhf sub00/vhpl33 1380304082
AR u74_157_muser_ppm behavioral //rh227srv.labs.poly.edu/users/btsai01/CS2204/exp2/Ppm/ppm.vhf sub00/vhpl45 1380304094
AR largestdisp behavioral //rh227srv.labs.poly.edu/users/btsai01/CS2204/exp2/Ppm/LARGESTDISP.vhf sub00/vhpl15 1380304072
EN m2_1_mxilinx_ppm NULL //rh227srv.labs.poly.edu/users/btsai01/CS2204/exp2/Ppm/ppm.vhf sub00/vhpl32 1380304081
EN m4_1e_mxilinx_ppm NULL //rh227srv.labs.poly.edu/users/btsai01/CS2204/exp2/Ppm/ppm.vhf sub00/vhpl48 1380304089
AR comp4_mxilinx_ppm behavioral //rh227srv.labs.poly.edu/users/btsai01/CS2204/exp2/Ppm/ppm.vhf sub00/vhpl27 1380304096
EN cb2ce_mxilinx_ppm NULL //rh227srv.labs.poly.edu/users/btsai01/CS2204/exp2/Ppm/ppm.vhf sub00/vhpl36 1380304103
EN compm4_mxilinx_ppm NULL D:/work/academic/cs2204/fall11/labs/pfhvsm/ppm.vhf sub00/vhpl74 1315245364
AR compm4_mxilinx_largestdisp behavioral //rh227srv.labs.poly.edu/users/btsai01/CS2204/exp2/Ppm/LARGESTDISP.vhf sub00/vhpl13 1380304070
AR cb4cle_mxilinx_ppm behavioral //rh227srv.labs.poly.edu/users/btsai01/CS2204/exp2/Ppm/ppm.vhf sub00/vhpl63 1380304122
AR x74_153_muser_ppm behavioral //rh227srv.labs.poly.edu/users/btsai01/CS2204/exp2/Ppm/ppm.vhf sub00/vhpl47 1380304092
EN fd4ce_mxilinx_codedisc NULL //rh227srv.labs.poly.edu/users/btsai01/CS2204/exp2/Ppm/CODEDISC.vhf sub00/vhpl16 1380304075
EN m2_1e_mxilinx_ppm NULL //rh227srv.labs.poly.edu/users/btsai01/CS2204/exp2/Ppm/ppm.vhf sub00/vhpl34 1380304087
AR d3_8e_mxilinx_ppm behavioral //rh227srv.labs.poly.edu/users/btsai01/CS2204/exp2/Ppm/ppm.vhf sub00/vhpl39 1380304108
AR fd8ce_mxilinx_ppm behavioral //rh227srv.labs.poly.edu/users/btsai01/CS2204/exp2/Ppm/ppm.vhf sub00/vhpl53 1380304114
EN codegen NULL //rh227srv.labs.poly.edu/users/btsai01/CS2204/exp2/Ppm/CODEGEN.vhf sub00/vhpl08 1380304067
AR fd4ce_mxilinx_codegen behavioral //rh227srv.labs.poly.edu/users/btsai01/CS2204/exp2/Ppm/CODEGEN.vhf sub00/vhpl07 1380304066
EN ppm NULL //rh227srv.labs.poly.edu/users/btsai01/CS2204/exp2/Ppm/ppm.vhf sub00/vhpl66 1380304125
EN zerodisplay NULL //rh227srv.labs.poly.edu/users/btsai01/CS2204/exp2/Ppm/ZERODISPLAY.vhf sub00/vhpl10 1380304073
EN codedisc NULL //rh227srv.labs.poly.edu/users/btsai01/CS2204/exp2/Ppm/CODEDISC.vhf sub00/vhpl20 1380304079
AR cb2ce_mxilinx_ppm behavioral //rh227srv.labs.poly.edu/users/btsai01/CS2204/exp2/Ppm/ppm.vhf sub00/vhpl37 1380304104
