--------------------------------------------------------------------------------
Release 12.4 Trace  (nt64)
Copyright (c) 1995-2010 Xilinx, Inc.  All rights reserved.

C:\Xilinx\12.4\ISE_DS\ISE\bin\nt64\unwrapped\trce.exe -intstyle ise -v 3 -s 5
-n 3 -fastpaths -xml ppm.twx ppm.ncd -o ppm.twr ppm.pcf -ucf ppm.ucf

Design file:              ppm.ncd
Physical constraint file: ppm.pcf
Device,package,speed:     xc3s500e,fg320,-5 (PRODUCTION 1.27 2010-11-18)
Report level:             verbose report

Environment Variable      Effect 
--------------------      ------ 
NONE                      No environment variables were set
--------------------------------------------------------------------------------

INFO:Timing:2698 - No timing constraints found, doing default enumeration.
INFO:Timing:2752 - To get complete path coverage, use the unconstrained paths 
   option. All paths that are not constrained will be reported in the 
   unconstrained paths section(s) of the report.
INFO:Timing:3339 - The clock-to-out numbers in this timing report are based on 
   a 50 Ohm transmission line loading model.  For the details of this model, 
   and for more information on accounting for different loading conditions, 
   please see the device datasheet.
INFO:Timing:3390 - This architecture does not support a default System Jitter 
   value, please add SYSTEM_JITTER constraint to the UCF to modify the Clock 
   Uncertainty calculation.
INFO:Timing:3389 - This architecture does not support 'Discrete Jitter' and 
   'Phase Error' calculations, these terms will be zero in the Clock 
   Uncertainty calculation.  Please make appropriate modification to 
   SYSTEM_JITTER to account for the unsupported Discrete Jitter and Phase 
   Error.



Data Sheet report:
-----------------
All values displayed in nanoseconds (ns)

Clock to Setup on destination clock CLOCK_NP2B
---------------+---------+---------+---------+---------+
               | Src:Rise| Src:Fall| Src:Rise| Src:Fall|
Source Clock   |Dest:Rise|Dest:Rise|Dest:Fall|Dest:Fall|
---------------+---------+---------+---------+---------+
CLOCK_NP2B     |    5.467|         |         |         |
---------------+---------+---------+---------+---------+

Pad to Pad
---------------+---------------+---------+
Source Pad     |Destination Pad|  Delay  |
---------------+---------------+---------+
P1ADD_NP2B     |A1_NB2P        |   11.911|
P1ADD_NP2B     |A2_NB2P        |   12.246|
P1ADD_NP2B     |A3_NB2P        |   11.570|
P1ADD_NP2B     |A4_NB2P        |   11.214|
P1ADD_NP2B     |ADD_NB2P       |    6.994|
P1ADD_NP2B     |RD0_NB2P       |    9.204|
P1PLAY_NP2B    |CA_NB2P        |   13.639|
P1PLAY_NP2B    |CB_NB2P        |   13.498|
P1PLAY_NP2B    |CC_NB2P        |   12.980|
P1PLAY_NP2B    |CD_NB2P        |   13.201|
P1PLAY_NP2B    |CE_NB2P        |   12.524|
P1PLAY_NP2B    |CF_NB2P        |   13.096|
P1PLAY_NP2B    |CG_NB2P        |   13.037|
P1SEL0_NP2B    |RD0_NB2P       |    8.422|
P1SEL0_NP2B    |RD1_NB2P       |    7.606|
P1SEL0_NP2B    |RD2_NB2P       |    9.739|
P1SEL0_NP2B    |RD3_NB2P       |    8.991|
P1SEL1_NP2B    |RD0_NB2P       |    8.193|
P1SEL1_NP2B    |RD1_NB2P       |    7.377|
P1SEL1_NP2B    |RD2_NB2P       |    9.510|
P1SEL1_NP2B    |RD3_NB2P       |    8.762|
P1SEL2_NP2B    |RD0_NB2P       |    8.294|
P1SEL2_NP2B    |RD1_NB2P       |    7.478|
P1SEL2_NP2B    |RD2_NB2P       |    9.611|
P1SEL2_NP2B    |RD3_NB2P       |    8.863|
P1SEL3_NP2B    |RD0_NB2P       |    8.665|
P1SEL3_NP2B    |RD1_NB2P       |    7.849|
P1SEL3_NP2B    |RD2_NB2P       |    9.982|
P1SEL3_NP2B    |RD3_NB2P       |    9.234|
SHPTS_NP2B     |A1_NB2P        |    9.532|
SHPTS_NP2B     |A2_NB2P        |    9.867|
SHPTS_NP2B     |A3_NB2P        |    9.191|
SHPTS_NP2B     |A4_NB2P        |    8.835|
SHPTS_NP2B     |CA_NB2P        |   16.760|
SHPTS_NP2B     |CB_NB2P        |   16.027|
SHPTS_NP2B     |CC_NB2P        |   15.726|
SHPTS_NP2B     |CD_NB2P        |   15.725|
SHPTS_NP2B     |CE_NB2P        |   15.589|
SHPTS_NP2B     |CF_NB2P        |   15.946|
SHPTS_NP2B     |CG_NB2P        |   15.943|
TRD1_NP2B      |RD1_NB2P       |    7.086|
TRD2_NP2B      |RD2_NB2P       |    9.720|
TRD3_NP2B      |RD3_NB2P       |    7.964|
---------------+---------------+---------+


Analysis completed Fri Nov 08 11:17:39 2013 
--------------------------------------------------------------------------------

Trace Settings:
-------------------------
Trace Settings 

Peak Memory Usage: 160 MB



