--------------------------------------------------------------------------------
Release 12.4 Trace  (lin64)
Copyright (c) 1995-2010 Xilinx, Inc.  All rights reserved.

/opt/Xilinx/12.4/ISE_DS/ISE/bin/lin64/unwrapped/trce -intstyle ise -v 3 -s 5 -n
3 -fastpaths -xml ppm.twx ppm.ncd -o ppm.twr ppm.pcf -ucf ppm.ucf

Design file:              ppm.ncd
Physical constraint file: ppm.pcf
Device,package,speed:     xc3s500e,fg320,-5 (PRODUCTION 1.27 2010-11-18)
Report level:             verbose report

Environment Variable      Effect 
--------------------      ------ 
NONE                      No environment variables were set
--------------------------------------------------------------------------------

INFO:Timing:2698 - No timing constraints found, doing default enumeration.
INFO:Timing:2752 - To get complete path coverage, use the unconstrained paths 
   option. All paths that are not constrained will be reported in the 
   unconstrained paths section(s) of the report.
INFO:Timing:3339 - The clock-to-out numbers in this timing report are based on 
   a 50 Ohm transmission line loading model.  For the details of this model, 
   and for more information on accounting for different loading conditions, 
   please see the device datasheet.
INFO:Timing:3390 - This architecture does not support a default System Jitter 
   value, please add SYSTEM_JITTER constraint to the UCF to modify the Clock 
   Uncertainty calculation.
INFO:Timing:3389 - This architecture does not support 'Discrete Jitter' and 
   'Phase Error' calculations, these terms will be zero in the Clock 
   Uncertainty calculation.  Please make appropriate modification to 
   SYSTEM_JITTER to account for the unsupported Discrete Jitter and Phase 
   Error.



Data Sheet report:
-----------------
All values displayed in nanoseconds (ns)

Clock to Setup on destination clock CLOCK_NP2B
---------------+---------+---------+---------+---------+
               | Src:Rise| Src:Fall| Src:Rise| Src:Fall|
Source Clock   |Dest:Rise|Dest:Rise|Dest:Fall|Dest:Fall|
---------------+---------+---------+---------+---------+
CLOCK_NP2B     |    5.498|         |         |         |
---------------+---------+---------+---------+---------+

Pad to Pad
---------------+---------------+---------+
Source Pad     |Destination Pad|  Delay  |
---------------+---------------+---------+
P1ADD_NP2B     |A1_NB2P        |   11.551|
P1ADD_NP2B     |A2_NB2P        |   11.769|
P1ADD_NP2B     |A3_NB2P        |   11.016|
P1ADD_NP2B     |A4_NB2P        |   10.817|
P1ADD_NP2B     |ADD_NB2P       |    6.622|
P1ADD_NP2B     |RD0_NB2P       |    7.629|
P1PLAY_NP2B    |CA_NB2P        |   13.203|
P1PLAY_NP2B    |CB_NB2P        |   13.086|
P1PLAY_NP2B    |CC_NB2P        |   12.558|
P1PLAY_NP2B    |CD_NB2P        |   12.489|
P1PLAY_NP2B    |CE_NB2P        |   12.032|
P1PLAY_NP2B    |CF_NB2P        |   12.613|
P1PLAY_NP2B    |CG_NB2P        |   12.629|
P1SEL0_NP2B    |RD0_NB2P       |    8.503|
P1SEL0_NP2B    |RD1_NB2P       |    8.262|
P1SEL0_NP2B    |RD2_NB2P       |   10.310|
P1SEL0_NP2B    |RD3_NB2P       |    9.416|
P1SEL1_NP2B    |RD0_NB2P       |    8.458|
P1SEL1_NP2B    |RD1_NB2P       |    8.217|
P1SEL1_NP2B    |RD2_NB2P       |   10.265|
P1SEL1_NP2B    |RD3_NB2P       |    9.371|
P1SEL2_NP2B    |RD0_NB2P       |    9.061|
P1SEL2_NP2B    |RD1_NB2P       |    8.820|
P1SEL2_NP2B    |RD2_NB2P       |   10.868|
P1SEL2_NP2B    |RD3_NB2P       |    9.974|
P1SEL3_NP2B    |RD0_NB2P       |    8.797|
P1SEL3_NP2B    |RD1_NB2P       |    8.556|
P1SEL3_NP2B    |RD2_NB2P       |   10.604|
P1SEL3_NP2B    |RD3_NB2P       |    9.710|
SHPTS_NP2B     |A1_NB2P        |   10.615|
SHPTS_NP2B     |A2_NB2P        |   10.833|
SHPTS_NP2B     |A3_NB2P        |   10.080|
SHPTS_NP2B     |A4_NB2P        |    9.881|
SHPTS_NP2B     |CA_NB2P        |   15.803|
SHPTS_NP2B     |CB_NB2P        |   15.686|
SHPTS_NP2B     |CC_NB2P        |   15.158|
SHPTS_NP2B     |CD_NB2P        |   15.089|
SHPTS_NP2B     |CE_NB2P        |   14.632|
SHPTS_NP2B     |CF_NB2P        |   15.213|
SHPTS_NP2B     |CG_NB2P        |   15.229|
TRD1_NP2B      |RD1_NB2P       |    7.314|
TRD2_NP2B      |RD2_NB2P       |    9.851|
TRD3_NP2B      |RD3_NB2P       |    8.745|
---------------+---------------+---------+


Analysis completed Fri Oct 25 14:17:36 2013 
--------------------------------------------------------------------------------

Trace Settings:
-------------------------
Trace Settings 

Peak Memory Usage: 242 MB



