EN u74_157_muser_ppm NULL D:/work/academic/cs2204v4/fall13/labs/termproject/ppm.vhf sub00/vhpl44 1378812589
EN fd4ce_mxilinx_ppm NULL D:/work/academic/cs2204v4/fall13/labs/termproject/ppm.vhf sub00/vhpl40 1378812593
EN comp4_mxilinx_ppm NULL D:/work/academic/cs2204v4/fall13/labs/termproject/ppm.vhf sub00/vhpl26 1378812591
AR m8_1e_mxilinx_ppm behavioral D:/work/academic/cs2204v4/fall13/labs/termproject/ppm.vhf sub00/vhpl65 1378812620
AR m2_1e_mxilinx_ppm behavioral D:/work/academic/cs2204v4/fall13/labs/termproject/ppm.vhf sub00/vhpl35 1378812582
EN compm8_mxilinx_ppm NULL D:/work/academic/cs2204v4/fall13/labs/termproject/ppm.vhf sub00/vhpl28 1378812601
EN add4_mxilinx_ppm NULL D:/work/academic/cs2204v4/fall13/labs/termproject/ppm.vhf sub00/vhpl50 1378812579
EN compm2_mxilinx_ppm NULL D:/work/academic/cs2204v4/fall13/labs/termproject/ppm.vhf sub00/vhpl42 1378812607
AR comp4_mxilinx_codegen behavioral D:/work/academic/cs2204v4/fall13/labs/termproject/CODEGEN.vhf sub00/vhpl05 1378812560
AR zerodisplay behavioral D:/work/academic/cs2204v4/fall13/labs/termproject/ZERODISPLAY.vhf sub00/vhpl11 1378812570
AR codedisc behavioral D:/work/academic/cs2204v4/fall13/labs/termproject/CODEDISC.vhf sub00/vhpl21 1378812576
EN fd8ce_mxilinx_ppm NULL D:/work/academic/cs2204v4/fall13/labs/termproject/ppm.vhf sub00/vhpl52 1378812609
AR cb4ce_mxilinx_ppm behavioral D:/work/academic/cs2204v4/fall13/labs/termproject/ppm.vhf sub00/vhpl25 1378812606
AR ppm behavioral D:/work/academic/cs2204v4/fall13/labs/termproject/ppm.vhf sub00/vhpl67 1378812622
AR add4_mxilinx_ppm behavioral D:/work/academic/cs2204v4/fall13/labs/termproject/ppm.vhf sub00/vhpl51 1378812580
AR m4_1e_mxilinx_ppm behavioral D:/work/academic/cs2204v4/fall13/labs/termproject/ppm.vhf sub00/vhpl49 1378812584
EN cd4ce_mxilinx_ppm NULL D:/work/academic/cs2204v4/fall13/labs/termproject/ppm.vhf sub00/vhpl54 1378812611
EN cb16ce_mxilinx_ppm NULL D:/work/academic/cs2204v4/fall13/labs/termproject/ppm.vhf sub00/vhpl58 1378812597
AR fd4ce_mxilinx_codedisc behavioral D:/work/academic/cs2204v4/fall13/labs/termproject/CODEDISC.vhf sub00/vhpl17 1378812572
AR compm4_mxilinx_ppm behavioral D:/work/academic/cs2204/fall11/labs/pfhvsm/ppm.vhf sub00/vhpl75 1315245365
AR ftclex_mxilinx_ppm behavioral D:/work/academic/cs2204v4/fall13/labs/termproject/ppm.vhf sub00/vhpl61 1378812616
AR cd4ce_mxilinx_ppm behavioral D:/work/academic/cs2204v4/fall13/labs/termproject/ppm.vhf sub00/vhpl55 1378812612
AR m2_1e_mxilinx_x74_153 behavioral D:/work/academic/cs2204v4/fall13/labs/termproject/X74_153.vhf sub00/vhpl69 1378812624
AR codegen behavioral D:/work/academic/cs2204v4/fall13/labs/termproject/CODEGEN.vhf sub00/vhpl09 1378812564
EN cb4ce_mxilinx_ppm NULL D:/work/academic/cs2204v4/fall13/labs/termproject/ppm.vhf sub00/vhpl24 1378812605
EN comp4_mxilinx_codedisc NULL D:/work/academic/cs2204v4/fall13/labs/termproject/CODEDISC.vhf sub00/vhpl18 1378812573
EN x74_153_muser_ppm NULL D:/work/academic/cs2204v4/fall13/labs/termproject/ppm.vhf sub00/vhpl46 1378812587
AR m2_1e_mxilinx_u74_157 behavioral D:/work/academic/cs2204v4/fall13/labs/termproject/u74_157.vhf sub00/vhpl01 1378812556
AR comp4_mxilinx_codedisc behavioral D:/work/academic/cs2204v4/fall13/labs/termproject/CODEDISC.vhf sub00/vhpl19 1378812574
AR cb16ce_mxilinx_ppm behavioral D:/work/academic/cs2204v4/fall13/labs/termproject/ppm.vhf sub00/vhpl59 1378812598
EN comp4_mxilinx_codegen NULL D:/work/academic/cs2204v4/fall13/labs/termproject/CODEGEN.vhf sub00/vhpl04 1378812559
EN largestdisp NULL D:/work/academic/cs2204v4/fall13/labs/termproject/LARGESTDISP.vhf sub00/vhpl14 1378812567
AR d2_4e_mxilinx_ppm behavioral D:/work/academic/cs2204v4/fall13/labs/termproject/ppm.vhf sub00/vhpl57 1378812614
EN add8_mxilinx_ppm NULL D:/work/academic/cs2204v4/fall13/labs/termproject/ppm.vhf sub00/vhpl30 1378812577
EN m2_1_mxilinx_x74_153 NULL D:/work/academic/cs2204v4/fall13/labs/termproject/X74_153.vhf sub00/vhpl70 1378812625
EN m2_1e_mxilinx_x74_153 NULL D:/work/academic/cs2204v4/fall13/labs/termproject/X74_153.vhf sub00/vhpl68 1378812623
AR fd4ce_mxilinx_ppm behavioral D:/work/academic/cs2204v4/fall13/labs/termproject/ppm.vhf sub00/vhpl41 1378812594
AR m2_1_mxilinx_x74_153 behavioral D:/work/academic/cs2204v4/fall13/labs/termproject/X74_153.vhf sub00/vhpl71 1378812626
EN x74_153 NULL D:/work/academic/cs2204v4/fall13/labs/termproject/X74_153.vhf sub00/vhpl72 1378812627
AR x74_153 behavioral D:/work/academic/cs2204v4/fall13/labs/termproject/X74_153.vhf sub00/vhpl73 1378812628
EN ftclex_mxilinx_ppm NULL D:/work/academic/cs2204v4/fall13/labs/termproject/ppm.vhf sub00/vhpl60 1378812615
EN fd4ce_mxilinx_codegen NULL D:/work/academic/cs2204v4/fall13/labs/termproject/CODEGEN.vhf sub00/vhpl06 1378812561
AR u74_157 behavioral D:/work/academic/cs2204v4/fall13/labs/termproject/u74_157.vhf sub00/vhpl03 1378812558
EN d2_4e_mxilinx_ppm NULL D:/work/academic/cs2204v4/fall13/labs/termproject/ppm.vhf sub00/vhpl56 1378812613
EN m8_1e_mxilinx_ppm NULL D:/work/academic/cs2204v4/fall13/labs/termproject/ppm.vhf sub00/vhpl64 1378812619
EN m2_1e_mxilinx_u74_157 NULL D:/work/academic/cs2204v4/fall13/labs/termproject/u74_157.vhf sub00/vhpl00 1378812555
EN u74_157 NULL D:/work/academic/cs2204v4/fall13/labs/termproject/u74_157.vhf sub00/vhpl02 1378812557
EN ftce_mxilinx_ppm NULL D:/work/academic/cs2204v4/fall13/labs/termproject/ppm.vhf sub00/vhpl22 1378812595
AR add8_mxilinx_ppm behavioral D:/work/academic/cs2204v4/fall13/labs/termproject/ppm.vhf sub00/vhpl31 1378812578
EN cb4cle_mxilinx_ppm NULL D:/work/academic/cs2204v4/fall13/labs/termproject/ppm.vhf sub00/vhpl62 1378812617
EN d3_8e_mxilinx_ppm NULL D:/work/academic/cs2204v4/fall13/labs/termproject/ppm.vhf sub00/vhpl38 1378812603
AR ftce_mxilinx_ppm behavioral D:/work/academic/cs2204v4/fall13/labs/termproject/ppm.vhf sub00/vhpl23 1378812596
AR compm2_mxilinx_ppm behavioral D:/work/academic/cs2204v4/fall13/labs/termproject/ppm.vhf sub00/vhpl43 1378812608
AR compm8_mxilinx_ppm behavioral D:/work/academic/cs2204v4/fall13/labs/termproject/ppm.vhf sub00/vhpl29 1378812602
EN compm4_mxilinx_largestdisp NULL D:/work/academic/cs2204v4/fall13/labs/termproject/LARGESTDISP.vhf sub00/vhpl12 1378812565
AR m2_1_mxilinx_ppm behavioral D:/work/academic/cs2204v4/fall13/labs/termproject/ppm.vhf sub00/vhpl33 1378812586
AR u74_157_muser_ppm behavioral D:/work/academic/cs2204v4/fall13/labs/termproject/ppm.vhf sub00/vhpl45 1378812590
AR largestdisp behavioral D:/work/academic/cs2204v4/fall13/labs/termproject/LARGESTDISP.vhf sub00/vhpl15 1378812568
EN m2_1_mxilinx_ppm NULL D:/work/academic/cs2204v4/fall13/labs/termproject/ppm.vhf sub00/vhpl32 1378812585
EN m4_1e_mxilinx_ppm NULL D:/work/academic/cs2204v4/fall13/labs/termproject/ppm.vhf sub00/vhpl48 1378812583
AR comp4_mxilinx_ppm behavioral D:/work/academic/cs2204v4/fall13/labs/termproject/ppm.vhf sub00/vhpl27 1378812592
EN cb2ce_mxilinx_ppm NULL D:/work/academic/cs2204v4/fall13/labs/termproject/ppm.vhf sub00/vhpl36 1378812599
EN compm4_mxilinx_ppm NULL D:/work/academic/cs2204/fall11/labs/pfhvsm/ppm.vhf sub00/vhpl74 1315245364
AR compm4_mxilinx_largestdisp behavioral D:/work/academic/cs2204v4/fall13/labs/termproject/LARGESTDISP.vhf sub00/vhpl13 1378812566
AR cb4cle_mxilinx_ppm behavioral D:/work/academic/cs2204v4/fall13/labs/termproject/ppm.vhf sub00/vhpl63 1378812618
AR x74_153_muser_ppm behavioral D:/work/academic/cs2204v4/fall13/labs/termproject/ppm.vhf sub00/vhpl47 1378812588
EN fd4ce_mxilinx_codedisc NULL D:/work/academic/cs2204v4/fall13/labs/termproject/CODEDISC.vhf sub00/vhpl16 1378812571
EN m2_1e_mxilinx_ppm NULL D:/work/academic/cs2204v4/fall13/labs/termproject/ppm.vhf sub00/vhpl34 1378812581
AR d3_8e_mxilinx_ppm behavioral D:/work/academic/cs2204v4/fall13/labs/termproject/ppm.vhf sub00/vhpl39 1378812604
AR fd8ce_mxilinx_ppm behavioral D:/work/academic/cs2204v4/fall13/labs/termproject/ppm.vhf sub00/vhpl53 1378812610
EN codegen NULL D:/work/academic/cs2204v4/fall13/labs/termproject/CODEGEN.vhf sub00/vhpl08 1378812563
AR fd4ce_mxilinx_codegen behavioral D:/work/academic/cs2204v4/fall13/labs/termproject/CODEGEN.vhf sub00/vhpl07 1378812562
EN ppm NULL D:/work/academic/cs2204v4/fall13/labs/termproject/ppm.vhf sub00/vhpl66 1378812621
EN zerodisplay NULL D:/work/academic/cs2204v4/fall13/labs/termproject/ZERODISPLAY.vhf sub00/vhpl10 1378812569
EN codedisc NULL D:/work/academic/cs2204v4/fall13/labs/termproject/CODEDISC.vhf sub00/vhpl20 1378812575
AR cb2ce_mxilinx_ppm behavioral D:/work/academic/cs2204v4/fall13/labs/termproject/ppm.vhf sub00/vhpl37 1378812600
