EN u74_157_muser_ppm NULL "/home/atomic/Documents/Code/TeamGold/Experiment 4/ppm.vhf" sub00/vhpl44 1383323971
EN fd4ce_mxilinx_ppm NULL "/home/atomic/Documents/Code/TeamGold/Experiment 4/ppm.vhf" sub00/vhpl40 1383323989
EN comp4_mxilinx_ppm NULL "/home/atomic/Documents/Code/TeamGold/Experiment 4/ppm.vhf" sub00/vhpl26 1383323987
AR m8_1e_mxilinx_ppm behavioral "/home/atomic/Documents/Code/TeamGold/Experiment 4/ppm.vhf" sub00/vhpl65 1383324008
AR m2_1e_mxilinx_ppm behavioral "/home/atomic/Documents/Code/TeamGold/Experiment 4/ppm.vhf" sub00/vhpl35 1383323970
EN compm8_mxilinx_ppm NULL "/home/atomic/Documents/Code/TeamGold/Experiment 3/ppm.vhf" sub00/vhpl28 1382512348
EN add4_mxilinx_ppm NULL "/home/atomic/Documents/Code/TeamGold/Experiment 4/ppm.vhf" sub00/vhpl50 1383323981
EN compm2_mxilinx_ppm NULL "/home/atomic/Documents/Code/TeamGold/Experiment 3/ppm.vhf" sub00/vhpl42 1382512354
AR codedisc behavioral "/home/atomic/Documents/Code/TeamGold/Experiment 4/CODEDISC.vhf" sub00/vhpl21 1383323968
AR zerodisplay behavioral "/home/atomic/Documents/Code/TeamGold/Experiment 4/ZERODISPLAY.vhf" sub00/vhpl11 1383323958
AR comp4_mxilinx_codegen behavioral "/home/atomic/Documents/Code/TeamGold/Experiment 4/CODEGEN.vhf" sub00/vhpl05 1383323952
EN fd8ce_mxilinx_ppm NULL "/home/atomic/Documents/Code/TeamGold/Experiment 4/ppm.vhf" sub00/vhpl52 1383323997
AR cb4ce_mxilinx_ppm behavioral "/home/atomic/Documents/Code/TeamGold/Experiment 3/ppm.vhf" sub00/vhpl25 1382512353
AR ppm behavioral "/home/atomic/Documents/Code/TeamGold/Experiment 4/ppm.vhf" sub00/vhpl67 1383324010
AR add4_mxilinx_ppm behavioral "/home/atomic/Documents/Code/TeamGold/Experiment 4/ppm.vhf" sub00/vhpl51 1383323982
AR m4_1e_mxilinx_ppm behavioral "/home/atomic/Documents/Code/TeamGold/Experiment 4/ppm.vhf" sub00/vhpl49 1383323984
EN cd4ce_mxilinx_ppm NULL "/home/atomic/Documents/Code/TeamGold/Experiment 4/ppm.vhf" sub00/vhpl54 1383323999
EN cb16ce_mxilinx_ppm NULL "/home/atomic/Documents/Code/TeamGold/Experiment 4/ppm.vhf" sub00/vhpl58 1383323993
AR fd4ce_mxilinx_codedisc behavioral "/home/atomic/Documents/Code/TeamGold/Experiment 4/CODEDISC.vhf" sub00/vhpl17 1383323964
AR compm4_mxilinx_ppm behavioral "/home/atomic/Documents/Code/TeamGold/Experiment 4/ppm.vhf" sub00/vhpl75 1383323974
AR ftclex_mxilinx_ppm behavioral "/home/atomic/Documents/Code/TeamGold/Experiment 4/ppm.vhf" sub00/vhpl61 1383324004
AR cd4ce_mxilinx_ppm behavioral "/home/atomic/Documents/Code/TeamGold/Experiment 4/ppm.vhf" sub00/vhpl55 1383324000
AR m2_1e_mxilinx_x74_153 behavioral "/home/atomic/Documents/Code/TeamGold/Experiment 4/X74_153.vhf" sub00/vhpl69 1383324012
AR codegen behavioral "/home/atomic/Documents/Code/TeamGold/Experiment 4/CODEGEN.vhf" sub00/vhpl09 1383323956
EN cb4ce_mxilinx_ppm NULL "/home/atomic/Documents/Code/TeamGold/Experiment 3/ppm.vhf" sub00/vhpl24 1382512352
EN comp4_mxilinx_codedisc NULL "/home/atomic/Documents/Code/TeamGold/Experiment 4/CODEDISC.vhf" sub00/vhpl18 1383323965
EN x74_153_muser_ppm NULL "/home/atomic/Documents/Code/TeamGold/Experiment 4/ppm.vhf" sub00/vhpl46 1383323985
AR m2_1e_mxilinx_u74_157 behavioral "/home/atomic/Documents/Code/TeamGold/Experiment 4/u74_157.vhf" sub00/vhpl01 1383323948
AR cb16ce_mxilinx_ppm behavioral "/home/atomic/Documents/Code/TeamGold/Experiment 4/ppm.vhf" sub00/vhpl59 1383323994
AR comp4_mxilinx_codedisc behavioral "/home/atomic/Documents/Code/TeamGold/Experiment 4/CODEDISC.vhf" sub00/vhpl19 1383323966
EN comp4_mxilinx_codegen NULL "/home/atomic/Documents/Code/TeamGold/Experiment 4/CODEGEN.vhf" sub00/vhpl04 1383323951
EN largestdisp NULL "/home/atomic/Documents/Code/TeamGold/Experiment 4/LARGESTDISP.vhf" sub00/vhpl14 1383323961
AR d2_4e_mxilinx_ppm behavioral "/home/atomic/Documents/Code/TeamGold/Experiment 4/ppm.vhf" sub00/vhpl57 1383323978
EN m2_1_mxilinx_x74_153 NULL "/home/atomic/Documents/Code/TeamGold/Experiment 4/X74_153.vhf" sub00/vhpl70 1383324013
EN add8_mxilinx_ppm NULL "/home/atomic/Documents/Code/TeamGold/Experiment 4/ppm.vhf" sub00/vhpl30 1383323979
EN m2_1e_mxilinx_x74_153 NULL "/home/atomic/Documents/Code/TeamGold/Experiment 4/X74_153.vhf" sub00/vhpl68 1383324011
AR fd4ce_mxilinx_ppm behavioral "/home/atomic/Documents/Code/TeamGold/Experiment 4/ppm.vhf" sub00/vhpl41 1383323990
AR m2_1_mxilinx_x74_153 behavioral "/home/atomic/Documents/Code/TeamGold/Experiment 4/X74_153.vhf" sub00/vhpl71 1383324014
EN x74_153 NULL "/home/atomic/Documents/Code/TeamGold/Experiment 4/X74_153.vhf" sub00/vhpl72 1383324015
AR x74_153 behavioral "/home/atomic/Documents/Code/TeamGold/Experiment 4/X74_153.vhf" sub00/vhpl73 1383324016
EN ftclex_mxilinx_ppm NULL "/home/atomic/Documents/Code/TeamGold/Experiment 4/ppm.vhf" sub00/vhpl60 1383324003
EN fd4ce_mxilinx_codegen NULL "/home/atomic/Documents/Code/TeamGold/Experiment 4/CODEGEN.vhf" sub00/vhpl06 1383323953
AR u74_157 behavioral "/home/atomic/Documents/Code/TeamGold/Experiment 4/u74_157.vhf" sub00/vhpl03 1383323950
EN d2_4e_mxilinx_ppm NULL "/home/atomic/Documents/Code/TeamGold/Experiment 4/ppm.vhf" sub00/vhpl56 1383323977
EN m8_1e_mxilinx_ppm NULL "/home/atomic/Documents/Code/TeamGold/Experiment 4/ppm.vhf" sub00/vhpl64 1383324007
EN m2_1e_mxilinx_u74_157 NULL "/home/atomic/Documents/Code/TeamGold/Experiment 4/u74_157.vhf" sub00/vhpl00 1383323947
EN u74_157 NULL "/home/atomic/Documents/Code/TeamGold/Experiment 4/u74_157.vhf" sub00/vhpl02 1383323949
AR add8_mxilinx_ppm behavioral "/home/atomic/Documents/Code/TeamGold/Experiment 4/ppm.vhf" sub00/vhpl31 1383323980
EN ftce_mxilinx_ppm NULL "/home/atomic/Documents/Code/TeamGold/Experiment 4/ppm.vhf" sub00/vhpl22 1383323991
EN cb4cle_mxilinx_ppm NULL "/home/atomic/Documents/Code/TeamGold/Experiment 4/ppm.vhf" sub00/vhpl62 1383324005
EN d3_8e_mxilinx_ppm NULL "/home/atomic/Documents/Code/TeamGold/Experiment 4/ppm.vhf" sub00/vhpl38 1383324001
AR ftce_mxilinx_ppm behavioral "/home/atomic/Documents/Code/TeamGold/Experiment 4/ppm.vhf" sub00/vhpl23 1383323992
AR compm2_mxilinx_ppm behavioral "/home/atomic/Documents/Code/TeamGold/Experiment 3/ppm.vhf" sub00/vhpl43 1382512355
AR compm8_mxilinx_ppm behavioral "/home/atomic/Documents/Code/TeamGold/Experiment 3/ppm.vhf" sub00/vhpl29 1382512349
EN compm4_mxilinx_largestdisp NULL "/home/atomic/Documents/Code/TeamGold/Experiment 4/LARGESTDISP.vhf" sub00/vhpl12 1383323959
AR m2_1_mxilinx_ppm behavioral "/home/atomic/Documents/Code/TeamGold/Experiment 4/ppm.vhf" sub00/vhpl33 1383323976
AR u74_157_muser_ppm behavioral "/home/atomic/Documents/Code/TeamGold/Experiment 4/ppm.vhf" sub00/vhpl45 1383323972
AR largestdisp behavioral "/home/atomic/Documents/Code/TeamGold/Experiment 4/LARGESTDISP.vhf" sub00/vhpl15 1383323962
EN m2_1_mxilinx_ppm NULL "/home/atomic/Documents/Code/TeamGold/Experiment 4/ppm.vhf" sub00/vhpl32 1383323975
EN m4_1e_mxilinx_ppm NULL "/home/atomic/Documents/Code/TeamGold/Experiment 4/ppm.vhf" sub00/vhpl48 1383323983
AR comp4_mxilinx_ppm behavioral "/home/atomic/Documents/Code/TeamGold/Experiment 4/ppm.vhf" sub00/vhpl27 1383323988
EN compm4_mxilinx_ppm NULL "/home/atomic/Documents/Code/TeamGold/Experiment 4/ppm.vhf" sub00/vhpl74 1383323973
EN cb2ce_mxilinx_ppm NULL "/home/atomic/Documents/Code/TeamGold/Experiment 4/ppm.vhf" sub00/vhpl36 1383323995
AR compm4_mxilinx_largestdisp behavioral "/home/atomic/Documents/Code/TeamGold/Experiment 4/LARGESTDISP.vhf" sub00/vhpl13 1383323960
AR cb4cle_mxilinx_ppm behavioral "/home/atomic/Documents/Code/TeamGold/Experiment 4/ppm.vhf" sub00/vhpl63 1383324006
AR x74_153_muser_ppm behavioral "/home/atomic/Documents/Code/TeamGold/Experiment 4/ppm.vhf" sub00/vhpl47 1383323986
EN fd4ce_mxilinx_codedisc NULL "/home/atomic/Documents/Code/TeamGold/Experiment 4/CODEDISC.vhf" sub00/vhpl16 1383323963
EN m2_1e_mxilinx_ppm NULL "/home/atomic/Documents/Code/TeamGold/Experiment 4/ppm.vhf" sub00/vhpl34 1383323969
AR d3_8e_mxilinx_ppm behavioral "/home/atomic/Documents/Code/TeamGold/Experiment 4/ppm.vhf" sub00/vhpl39 1383324002
AR fd8ce_mxilinx_ppm behavioral "/home/atomic/Documents/Code/TeamGold/Experiment 4/ppm.vhf" sub00/vhpl53 1383323998
EN codegen NULL "/home/atomic/Documents/Code/TeamGold/Experiment 4/CODEGEN.vhf" sub00/vhpl08 1383323955
AR fd4ce_mxilinx_codegen behavioral "/home/atomic/Documents/Code/TeamGold/Experiment 4/CODEGEN.vhf" sub00/vhpl07 1383323954
EN ppm NULL "/home/atomic/Documents/Code/TeamGold/Experiment 4/ppm.vhf" sub00/vhpl66 1383324009
EN zerodisplay NULL "/home/atomic/Documents/Code/TeamGold/Experiment 4/ZERODISPLAY.vhf" sub00/vhpl10 1383323957
EN codedisc NULL "/home/atomic/Documents/Code/TeamGold/Experiment 4/CODEDISC.vhf" sub00/vhpl20 1383323967
AR cb2ce_mxilinx_ppm behavioral "/home/atomic/Documents/Code/TeamGold/Experiment 4/ppm.vhf" sub00/vhpl37 1383323996
