EN u74_157_muser_ppm NULL "/home/atomic/Documents/Code/TeamGold/Experiment 4/ppm.vhf" sub00/vhpl44 1383324628
EN fd4ce_mxilinx_ppm NULL "/home/atomic/Documents/Code/TeamGold/Experiment 4/ppm.vhf" sub00/vhpl40 1383324646
EN comp4_mxilinx_ppm NULL "/home/atomic/Documents/Code/TeamGold/Experiment 4/ppm.vhf" sub00/vhpl26 1383324644
AR m8_1e_mxilinx_ppm behavioral "/home/atomic/Documents/Code/TeamGold/Experiment 4/ppm.vhf" sub00/vhpl65 1383324665
AR m2_1e_mxilinx_ppm behavioral "/home/atomic/Documents/Code/TeamGold/Experiment 4/ppm.vhf" sub00/vhpl35 1383324627
EN compm8_mxilinx_ppm NULL "/home/atomic/Documents/Code/TeamGold/Experiment 3/ppm.vhf" sub00/vhpl28 1382512348
EN add4_mxilinx_ppm NULL "/home/atomic/Documents/Code/TeamGold/Experiment 4/ppm.vhf" sub00/vhpl50 1383324638
EN compm2_mxilinx_ppm NULL "/home/atomic/Documents/Code/TeamGold/Experiment 3/ppm.vhf" sub00/vhpl42 1382512354
AR codedisc behavioral "/home/atomic/Documents/Code/TeamGold/Experiment 4/CODEDISC.vhf" sub00/vhpl21 1383324625
AR zerodisplay behavioral "/home/atomic/Documents/Code/TeamGold/Experiment 4/ZERODISPLAY.vhf" sub00/vhpl11 1383324615
AR comp4_mxilinx_codegen behavioral "/home/atomic/Documents/Code/TeamGold/Experiment 4/CODEGEN.vhf" sub00/vhpl05 1383324609
EN fd8ce_mxilinx_ppm NULL "/home/atomic/Documents/Code/TeamGold/Experiment 4/ppm.vhf" sub00/vhpl52 1383324654
AR cb4ce_mxilinx_ppm behavioral "/home/atomic/Documents/Code/TeamGold/Experiment 3/ppm.vhf" sub00/vhpl25 1382512353
AR ppm behavioral "/home/atomic/Documents/Code/TeamGold/Experiment 4/ppm.vhf" sub00/vhpl67 1383324667
AR add4_mxilinx_ppm behavioral "/home/atomic/Documents/Code/TeamGold/Experiment 4/ppm.vhf" sub00/vhpl51 1383324639
AR m4_1e_mxilinx_ppm behavioral "/home/atomic/Documents/Code/TeamGold/Experiment 4/ppm.vhf" sub00/vhpl49 1383324641
EN cd4ce_mxilinx_ppm NULL "/home/atomic/Documents/Code/TeamGold/Experiment 4/ppm.vhf" sub00/vhpl54 1383324656
EN cb16ce_mxilinx_ppm NULL "/home/atomic/Documents/Code/TeamGold/Experiment 4/ppm.vhf" sub00/vhpl58 1383324650
AR fd4ce_mxilinx_codedisc behavioral "/home/atomic/Documents/Code/TeamGold/Experiment 4/CODEDISC.vhf" sub00/vhpl17 1383324621
AR compm4_mxilinx_ppm behavioral "/home/atomic/Documents/Code/TeamGold/Experiment 4/ppm.vhf" sub00/vhpl75 1383324631
AR ftclex_mxilinx_ppm behavioral "/home/atomic/Documents/Code/TeamGold/Experiment 4/ppm.vhf" sub00/vhpl61 1383324661
AR cd4ce_mxilinx_ppm behavioral "/home/atomic/Documents/Code/TeamGold/Experiment 4/ppm.vhf" sub00/vhpl55 1383324657
AR m2_1e_mxilinx_x74_153 behavioral "/home/atomic/Documents/Code/TeamGold/Experiment 4/X74_153.vhf" sub00/vhpl69 1383324669
AR codegen behavioral "/home/atomic/Documents/Code/TeamGold/Experiment 4/CODEGEN.vhf" sub00/vhpl09 1383324613
EN cb4ce_mxilinx_ppm NULL "/home/atomic/Documents/Code/TeamGold/Experiment 3/ppm.vhf" sub00/vhpl24 1382512352
EN comp4_mxilinx_codedisc NULL "/home/atomic/Documents/Code/TeamGold/Experiment 4/CODEDISC.vhf" sub00/vhpl18 1383324622
EN x74_153_muser_ppm NULL "/home/atomic/Documents/Code/TeamGold/Experiment 4/ppm.vhf" sub00/vhpl46 1383324642
AR m2_1e_mxilinx_u74_157 behavioral "/home/atomic/Documents/Code/TeamGold/Experiment 4/u74_157.vhf" sub00/vhpl01 1383324605
AR cb16ce_mxilinx_ppm behavioral "/home/atomic/Documents/Code/TeamGold/Experiment 4/ppm.vhf" sub00/vhpl59 1383324651
AR comp4_mxilinx_codedisc behavioral "/home/atomic/Documents/Code/TeamGold/Experiment 4/CODEDISC.vhf" sub00/vhpl19 1383324623
EN comp4_mxilinx_codegen NULL "/home/atomic/Documents/Code/TeamGold/Experiment 4/CODEGEN.vhf" sub00/vhpl04 1383324608
EN largestdisp NULL "/home/atomic/Documents/Code/TeamGold/Experiment 4/LARGESTDISP.vhf" sub00/vhpl14 1383324618
AR d2_4e_mxilinx_ppm behavioral "/home/atomic/Documents/Code/TeamGold/Experiment 4/ppm.vhf" sub00/vhpl57 1383324635
EN m2_1_mxilinx_x74_153 NULL "/home/atomic/Documents/Code/TeamGold/Experiment 4/X74_153.vhf" sub00/vhpl70 1383324670
EN add8_mxilinx_ppm NULL "/home/atomic/Documents/Code/TeamGold/Experiment 4/ppm.vhf" sub00/vhpl30 1383324636
EN m2_1e_mxilinx_x74_153 NULL "/home/atomic/Documents/Code/TeamGold/Experiment 4/X74_153.vhf" sub00/vhpl68 1383324668
AR fd4ce_mxilinx_ppm behavioral "/home/atomic/Documents/Code/TeamGold/Experiment 4/ppm.vhf" sub00/vhpl41 1383324647
AR m2_1_mxilinx_x74_153 behavioral "/home/atomic/Documents/Code/TeamGold/Experiment 4/X74_153.vhf" sub00/vhpl71 1383324671
EN x74_153 NULL "/home/atomic/Documents/Code/TeamGold/Experiment 4/X74_153.vhf" sub00/vhpl72 1383324672
AR x74_153 behavioral "/home/atomic/Documents/Code/TeamGold/Experiment 4/X74_153.vhf" sub00/vhpl73 1383324673
EN ftclex_mxilinx_ppm NULL "/home/atomic/Documents/Code/TeamGold/Experiment 4/ppm.vhf" sub00/vhpl60 1383324660
EN fd4ce_mxilinx_codegen NULL "/home/atomic/Documents/Code/TeamGold/Experiment 4/CODEGEN.vhf" sub00/vhpl06 1383324610
AR u74_157 behavioral "/home/atomic/Documents/Code/TeamGold/Experiment 4/u74_157.vhf" sub00/vhpl03 1383324607
EN d2_4e_mxilinx_ppm NULL "/home/atomic/Documents/Code/TeamGold/Experiment 4/ppm.vhf" sub00/vhpl56 1383324634
EN m8_1e_mxilinx_ppm NULL "/home/atomic/Documents/Code/TeamGold/Experiment 4/ppm.vhf" sub00/vhpl64 1383324664
EN m2_1e_mxilinx_u74_157 NULL "/home/atomic/Documents/Code/TeamGold/Experiment 4/u74_157.vhf" sub00/vhpl00 1383324604
EN u74_157 NULL "/home/atomic/Documents/Code/TeamGold/Experiment 4/u74_157.vhf" sub00/vhpl02 1383324606
AR add8_mxilinx_ppm behavioral "/home/atomic/Documents/Code/TeamGold/Experiment 4/ppm.vhf" sub00/vhpl31 1383324637
EN ftce_mxilinx_ppm NULL "/home/atomic/Documents/Code/TeamGold/Experiment 4/ppm.vhf" sub00/vhpl22 1383324648
EN cb4cle_mxilinx_ppm NULL "/home/atomic/Documents/Code/TeamGold/Experiment 4/ppm.vhf" sub00/vhpl62 1383324662
EN d3_8e_mxilinx_ppm NULL "/home/atomic/Documents/Code/TeamGold/Experiment 4/ppm.vhf" sub00/vhpl38 1383324658
AR ftce_mxilinx_ppm behavioral "/home/atomic/Documents/Code/TeamGold/Experiment 4/ppm.vhf" sub00/vhpl23 1383324649
AR compm2_mxilinx_ppm behavioral "/home/atomic/Documents/Code/TeamGold/Experiment 3/ppm.vhf" sub00/vhpl43 1382512355
AR compm8_mxilinx_ppm behavioral "/home/atomic/Documents/Code/TeamGold/Experiment 3/ppm.vhf" sub00/vhpl29 1382512349
EN compm4_mxilinx_largestdisp NULL "/home/atomic/Documents/Code/TeamGold/Experiment 4/LARGESTDISP.vhf" sub00/vhpl12 1383324616
AR m2_1_mxilinx_ppm behavioral "/home/atomic/Documents/Code/TeamGold/Experiment 4/ppm.vhf" sub00/vhpl33 1383324633
AR u74_157_muser_ppm behavioral "/home/atomic/Documents/Code/TeamGold/Experiment 4/ppm.vhf" sub00/vhpl45 1383324629
AR largestdisp behavioral "/home/atomic/Documents/Code/TeamGold/Experiment 4/LARGESTDISP.vhf" sub00/vhpl15 1383324619
EN m2_1_mxilinx_ppm NULL "/home/atomic/Documents/Code/TeamGold/Experiment 4/ppm.vhf" sub00/vhpl32 1383324632
EN m4_1e_mxilinx_ppm NULL "/home/atomic/Documents/Code/TeamGold/Experiment 4/ppm.vhf" sub00/vhpl48 1383324640
AR comp4_mxilinx_ppm behavioral "/home/atomic/Documents/Code/TeamGold/Experiment 4/ppm.vhf" sub00/vhpl27 1383324645
EN compm4_mxilinx_ppm NULL "/home/atomic/Documents/Code/TeamGold/Experiment 4/ppm.vhf" sub00/vhpl74 1383324630
EN cb2ce_mxilinx_ppm NULL "/home/atomic/Documents/Code/TeamGold/Experiment 4/ppm.vhf" sub00/vhpl36 1383324652
AR compm4_mxilinx_largestdisp behavioral "/home/atomic/Documents/Code/TeamGold/Experiment 4/LARGESTDISP.vhf" sub00/vhpl13 1383324617
AR cb4cle_mxilinx_ppm behavioral "/home/atomic/Documents/Code/TeamGold/Experiment 4/ppm.vhf" sub00/vhpl63 1383324663
AR x74_153_muser_ppm behavioral "/home/atomic/Documents/Code/TeamGold/Experiment 4/ppm.vhf" sub00/vhpl47 1383324643
EN fd4ce_mxilinx_codedisc NULL "/home/atomic/Documents/Code/TeamGold/Experiment 4/CODEDISC.vhf" sub00/vhpl16 1383324620
EN m2_1e_mxilinx_ppm NULL "/home/atomic/Documents/Code/TeamGold/Experiment 4/ppm.vhf" sub00/vhpl34 1383324626
AR d3_8e_mxilinx_ppm behavioral "/home/atomic/Documents/Code/TeamGold/Experiment 4/ppm.vhf" sub00/vhpl39 1383324659
AR fd8ce_mxilinx_ppm behavioral "/home/atomic/Documents/Code/TeamGold/Experiment 4/ppm.vhf" sub00/vhpl53 1383324655
EN codegen NULL "/home/atomic/Documents/Code/TeamGold/Experiment 4/CODEGEN.vhf" sub00/vhpl08 1383324612
AR fd4ce_mxilinx_codegen behavioral "/home/atomic/Documents/Code/TeamGold/Experiment 4/CODEGEN.vhf" sub00/vhpl07 1383324611
EN ppm NULL "/home/atomic/Documents/Code/TeamGold/Experiment 4/ppm.vhf" sub00/vhpl66 1383324666
EN zerodisplay NULL "/home/atomic/Documents/Code/TeamGold/Experiment 4/ZERODISPLAY.vhf" sub00/vhpl10 1383324614
EN codedisc NULL "/home/atomic/Documents/Code/TeamGold/Experiment 4/CODEDISC.vhf" sub00/vhpl20 1383324624
AR cb2ce_mxilinx_ppm behavioral "/home/atomic/Documents/Code/TeamGold/Experiment 4/ppm.vhf" sub00/vhpl37 1383324653
