--------------------------------------------------------------------------------
Release 12.4 Trace  (nt64)
Copyright (c) 1995-2010 Xilinx, Inc.  All rights reserved.

C:\Xilinx\12.4\ISE_DS\ISE\bin\nt64\unwrapped\trce.exe -intstyle ise -v 3 -s 5
-n 3 -fastpaths -xml ppm.twx ppm.ncd -o ppm.twr ppm.pcf -ucf ppm.ucf

Design file:              ppm.ncd
Physical constraint file: ppm.pcf
Device,package,speed:     xc3s500e,fg320,-5 (PRODUCTION 1.27 2010-11-18)
Report level:             verbose report

Environment Variable      Effect 
--------------------      ------ 
NONE                      No environment variables were set
--------------------------------------------------------------------------------

INFO:Timing:2698 - No timing constraints found, doing default enumeration.
INFO:Timing:2752 - To get complete path coverage, use the unconstrained paths 
   option. All paths that are not constrained will be reported in the 
   unconstrained paths section(s) of the report.
INFO:Timing:3339 - The clock-to-out numbers in this timing report are based on 
   a 50 Ohm transmission line loading model.  For the details of this model, 
   and for more information on accounting for different loading conditions, 
   please see the device datasheet.
INFO:Timing:3390 - This architecture does not support a default System Jitter 
   value, please add SYSTEM_JITTER constraint to the UCF to modify the Clock 
   Uncertainty calculation.
INFO:Timing:3389 - This architecture does not support 'Discrete Jitter' and 
   'Phase Error' calculations, these terms will be zero in the Clock 
   Uncertainty calculation.  Please make appropriate modification to 
   SYSTEM_JITTER to account for the unsupported Discrete Jitter and Phase 
   Error.



Data Sheet report:
-----------------
All values displayed in nanoseconds (ns)

Clock to Setup on destination clock CLOCK_NP2B
---------------+---------+---------+---------+---------+
               | Src:Rise| Src:Fall| Src:Rise| Src:Fall|
Source Clock   |Dest:Rise|Dest:Rise|Dest:Fall|Dest:Fall|
---------------+---------+---------+---------+---------+
CLOCK_NP2B     |    5.744|         |         |         |
---------------+---------+---------+---------+---------+

Pad to Pad
---------------+---------------+---------+
Source Pad     |Destination Pad|  Delay  |
---------------+---------------+---------+
P1ADD_NP2B     |A1_NB2P        |   24.524|
P1ADD_NP2B     |A2_NB2P        |   24.488|
P1ADD_NP2B     |A3_NB2P        |   24.374|
P1ADD_NP2B     |A4_NB2P        |   23.285|
P1ADD_NP2B     |ADD_NB2P       |   19.285|
P1ADD_NP2B     |RD0_NB2P       |    7.293|
P1PLAY_NP2B    |CA_NB2P        |   14.540|
P1PLAY_NP2B    |CB_NB2P        |   14.264|
P1PLAY_NP2B    |CC_NB2P        |   13.946|
P1PLAY_NP2B    |CD_NB2P        |   13.689|
P1PLAY_NP2B    |CE_NB2P        |   13.538|
P1PLAY_NP2B    |CF_NB2P        |   13.811|
P1PLAY_NP2B    |CG_NB2P        |   13.491|
P1SEL0_NP2B    |A1_NB2P        |   27.136|
P1SEL0_NP2B    |A2_NB2P        |   27.100|
P1SEL0_NP2B    |A3_NB2P        |   26.986|
P1SEL0_NP2B    |A4_NB2P        |   25.897|
P1SEL0_NP2B    |ADD_NB2P       |   21.897|
P1SEL0_NP2B    |RD0_NB2P       |    9.905|
P1SEL0_NP2B    |RD1_NB2P       |   10.556|
P1SEL0_NP2B    |RD2_NB2P       |   10.377|
P1SEL0_NP2B    |RD3_NB2P       |    9.386|
P1SEL1_NP2B    |A1_NB2P        |   27.121|
P1SEL1_NP2B    |A2_NB2P        |   27.085|
P1SEL1_NP2B    |A3_NB2P        |   26.971|
P1SEL1_NP2B    |A4_NB2P        |   25.882|
P1SEL1_NP2B    |ADD_NB2P       |   21.882|
P1SEL1_NP2B    |RD0_NB2P       |    9.890|
P1SEL1_NP2B    |RD1_NB2P       |   10.541|
P1SEL1_NP2B    |RD2_NB2P       |   10.362|
P1SEL1_NP2B    |RD3_NB2P       |    9.371|
P1SEL2_NP2B    |A1_NB2P        |   27.577|
P1SEL2_NP2B    |A2_NB2P        |   27.541|
P1SEL2_NP2B    |A3_NB2P        |   27.427|
P1SEL2_NP2B    |A4_NB2P        |   26.338|
P1SEL2_NP2B    |ADD_NB2P       |   22.338|
P1SEL2_NP2B    |RD0_NB2P       |   10.346|
P1SEL2_NP2B    |RD1_NB2P       |   10.997|
P1SEL2_NP2B    |RD2_NB2P       |   10.818|
P1SEL2_NP2B    |RD3_NB2P       |    9.827|
P1SEL3_NP2B    |A1_NB2P        |   27.467|
P1SEL3_NP2B    |A2_NB2P        |   27.431|
P1SEL3_NP2B    |A3_NB2P        |   27.317|
P1SEL3_NP2B    |A4_NB2P        |   26.228|
P1SEL3_NP2B    |ADD_NB2P       |   22.228|
P1SEL3_NP2B    |RD0_NB2P       |   10.236|
P1SEL3_NP2B    |RD1_NB2P       |   10.887|
P1SEL3_NP2B    |RD2_NB2P       |   10.708|
P1SEL3_NP2B    |RD3_NB2P       |    9.717|
SHPTS_NP2B     |A1_NB2P        |    9.763|
SHPTS_NP2B     |A2_NB2P        |    9.727|
SHPTS_NP2B     |A3_NB2P        |    9.613|
SHPTS_NP2B     |A4_NB2P        |    8.524|
SHPTS_NP2B     |CA_NB2P        |   16.492|
SHPTS_NP2B     |CB_NB2P        |   16.069|
SHPTS_NP2B     |CC_NB2P        |   15.751|
SHPTS_NP2B     |CD_NB2P        |   15.528|
SHPTS_NP2B     |CE_NB2P        |   15.524|
SHPTS_NP2B     |CF_NB2P        |   16.154|
SHPTS_NP2B     |CG_NB2P        |   15.834|
TRD1_NP2B      |A1_NB2P        |   23.682|
TRD1_NP2B      |A2_NB2P        |   23.646|
TRD1_NP2B      |A3_NB2P        |   23.532|
TRD1_NP2B      |A4_NB2P        |   22.443|
TRD1_NP2B      |ADD_NB2P       |   18.443|
TRD1_NP2B      |RD1_NB2P       |    7.657|
TRD2_NP2B      |A1_NB2P        |   23.348|
TRD2_NP2B      |A2_NB2P        |   23.312|
TRD2_NP2B      |A3_NB2P        |   23.198|
TRD2_NP2B      |A4_NB2P        |   22.109|
TRD2_NP2B      |ADD_NB2P       |   18.109|
TRD2_NP2B      |RD2_NB2P       |    9.526|
TRD3_NP2B      |A1_NB2P        |   23.194|
TRD3_NP2B      |A2_NB2P        |   23.158|
TRD3_NP2B      |A3_NB2P        |   23.044|
TRD3_NP2B      |A4_NB2P        |   21.955|
TRD3_NP2B      |ADD_NB2P       |   17.955|
TRD3_NP2B      |RD3_NB2P       |    8.165|
---------------+---------------+---------+


Analysis completed Sat Nov 02 02:11:01 2013 
--------------------------------------------------------------------------------

Trace Settings:
-------------------------
Trace Settings 

Peak Memory Usage: 163 MB



