--------------------------------------------------------------------------------
Release 12.4 Trace  (lin64)
Copyright (c) 1995-2010 Xilinx, Inc.  All rights reserved.

/opt/Xilinx/12.4/ISE_DS/ISE/bin/lin64/unwrapped/trce -intstyle ise -v 3 -s 5 -n
3 -fastpaths -xml ppm.twx ppm.ncd -o ppm.twr ppm.pcf -ucf ppm.ucf

Design file:              ppm.ncd
Physical constraint file: ppm.pcf
Device,package,speed:     xc3s500e,fg320,-5 (PRODUCTION 1.27 2010-11-18)
Report level:             verbose report

Environment Variable      Effect 
--------------------      ------ 
NONE                      No environment variables were set
--------------------------------------------------------------------------------

INFO:Timing:2698 - No timing constraints found, doing default enumeration.
INFO:Timing:2752 - To get complete path coverage, use the unconstrained paths 
   option. All paths that are not constrained will be reported in the 
   unconstrained paths section(s) of the report.
INFO:Timing:3339 - The clock-to-out numbers in this timing report are based on 
   a 50 Ohm transmission line loading model.  For the details of this model, 
   and for more information on accounting for different loading conditions, 
   please see the device datasheet.
INFO:Timing:3390 - This architecture does not support a default System Jitter 
   value, please add SYSTEM_JITTER constraint to the UCF to modify the Clock 
   Uncertainty calculation.
INFO:Timing:3389 - This architecture does not support 'Discrete Jitter' and 
   'Phase Error' calculations, these terms will be zero in the Clock 
   Uncertainty calculation.  Please make appropriate modification to 
   SYSTEM_JITTER to account for the unsupported Discrete Jitter and Phase 
   Error.



Data Sheet report:
-----------------
All values displayed in nanoseconds (ns)

Clock to Setup on destination clock CLOCK_NP2B
---------------+---------+---------+---------+---------+
               | Src:Rise| Src:Fall| Src:Rise| Src:Fall|
Source Clock   |Dest:Rise|Dest:Rise|Dest:Fall|Dest:Fall|
---------------+---------+---------+---------+---------+
CLOCK_NP2B     |    5.443|         |         |         |
---------------+---------+---------+---------+---------+

Pad to Pad
---------------+---------------+---------+
Source Pad     |Destination Pad|  Delay  |
---------------+---------------+---------+
P1ADD_NP2B     |A1_NB2P        |   12.284|
P1ADD_NP2B     |A2_NB2P        |   12.479|
P1ADD_NP2B     |A3_NB2P        |   12.715|
P1ADD_NP2B     |A4_NB2P        |   11.694|
P1ADD_NP2B     |ADD_NB2P       |    8.185|
P1ADD_NP2B     |RD0_NB2P       |    7.001|
P1PLAY_NP2B    |CA_NB2P        |   14.920|
P1PLAY_NP2B    |CB_NB2P        |   14.088|
P1PLAY_NP2B    |CC_NB2P        |   13.847|
P1PLAY_NP2B    |CD_NB2P        |   14.041|
P1PLAY_NP2B    |CE_NB2P        |   13.643|
P1PLAY_NP2B    |CF_NB2P        |   14.280|
P1PLAY_NP2B    |CG_NB2P        |   14.191|
P1SEL0_NP2B    |RD0_NB2P       |   11.110|
P1SEL0_NP2B    |RD1_NB2P       |   11.228|
P1SEL0_NP2B    |RD2_NB2P       |   12.088|
P1SEL0_NP2B    |RD3_NB2P       |    8.979|
P1SEL1_NP2B    |RD0_NB2P       |   11.127|
P1SEL1_NP2B    |RD1_NB2P       |   11.245|
P1SEL1_NP2B    |RD2_NB2P       |   12.105|
P1SEL1_NP2B    |RD3_NB2P       |    8.996|
P1SEL2_NP2B    |RD0_NB2P       |   10.302|
P1SEL2_NP2B    |RD1_NB2P       |   10.420|
P1SEL2_NP2B    |RD2_NB2P       |   11.280|
P1SEL2_NP2B    |RD3_NB2P       |    8.171|
P1SEL3_NP2B    |RD0_NB2P       |   10.580|
P1SEL3_NP2B    |RD1_NB2P       |   10.698|
P1SEL3_NP2B    |RD2_NB2P       |   11.558|
P1SEL3_NP2B    |RD3_NB2P       |    8.449|
SHPTS_NP2B     |A1_NB2P        |    9.901|
SHPTS_NP2B     |A2_NB2P        |   10.096|
SHPTS_NP2B     |A3_NB2P        |   10.332|
SHPTS_NP2B     |A4_NB2P        |    9.311|
SHPTS_NP2B     |CA_NB2P        |   15.825|
SHPTS_NP2B     |CB_NB2P        |   14.993|
SHPTS_NP2B     |CC_NB2P        |   14.752|
SHPTS_NP2B     |CD_NB2P        |   14.946|
SHPTS_NP2B     |CE_NB2P        |   14.436|
SHPTS_NP2B     |CF_NB2P        |   15.043|
SHPTS_NP2B     |CG_NB2P        |   14.990|
TRD1_NP2B      |RD1_NB2P       |    7.176|
TRD2_NP2B      |RD2_NB2P       |    8.394|
TRD3_NP2B      |RD3_NB2P       |    8.169|
---------------+---------------+---------+


Analysis completed Fri Nov  1 13:14:11 2013 
--------------------------------------------------------------------------------

Trace Settings:
-------------------------
Trace Settings 

Peak Memory Usage: 242 MB



