EN u74_157_muser_ppm NULL "/home/atomic/Documents/Code/TeamGold/Experiment 3/ppm.vhf" sub00/vhpl44 1382720888
EN fd4ce_mxilinx_ppm NULL "/home/atomic/Documents/Code/TeamGold/Experiment 3/ppm.vhf" sub00/vhpl40 1382720892
EN comp4_mxilinx_ppm NULL "/home/atomic/Documents/Code/TeamGold/Experiment 3/ppm.vhf" sub00/vhpl26 1382720890
AR m8_1e_mxilinx_ppm behavioral "/home/atomic/Documents/Code/TeamGold/Experiment 3/ppm.vhf" sub00/vhpl65 1382720911
AR m2_1e_mxilinx_ppm behavioral "/home/atomic/Documents/Code/TeamGold/Experiment 3/ppm.vhf" sub00/vhpl35 1382720883
EN compm8_mxilinx_ppm NULL "/home/atomic/Documents/Code/TeamGold/Experiment 3/ppm.vhf" sub00/vhpl28 1382512348
EN add4_mxilinx_ppm NULL "/home/atomic/Documents/Code/TeamGold/Experiment 3/ppm.vhf" sub00/vhpl50 1382720876
EN compm2_mxilinx_ppm NULL "/home/atomic/Documents/Code/TeamGold/Experiment 3/ppm.vhf" sub00/vhpl42 1382512354
AR codedisc behavioral "/home/atomic/Documents/Code/TeamGold/Experiment 3/CODEDISC.vhf" sub00/vhpl21 1382720873
AR zerodisplay behavioral "/home/atomic/Documents/Code/TeamGold/Experiment 3/ZERODISPLAY.vhf" sub00/vhpl11 1382720863
AR comp4_mxilinx_codegen behavioral "/home/atomic/Documents/Code/TeamGold/Experiment 3/CODEGEN.vhf" sub00/vhpl05 1382720857
EN fd8ce_mxilinx_ppm NULL "/home/atomic/Documents/Code/TeamGold/Experiment 3/ppm.vhf" sub00/vhpl52 1382720900
AR cb4ce_mxilinx_ppm behavioral "/home/atomic/Documents/Code/TeamGold/Experiment 3/ppm.vhf" sub00/vhpl25 1382512353
AR ppm behavioral "/home/atomic/Documents/Code/TeamGold/Experiment 3/ppm.vhf" sub00/vhpl67 1382720913
AR add4_mxilinx_ppm behavioral "/home/atomic/Documents/Code/TeamGold/Experiment 3/ppm.vhf" sub00/vhpl51 1382720877
AR m4_1e_mxilinx_ppm behavioral "/home/atomic/Documents/Code/TeamGold/Experiment 3/ppm.vhf" sub00/vhpl49 1382720885
EN cd4ce_mxilinx_ppm NULL "/home/atomic/Documents/Code/TeamGold/Experiment 3/ppm.vhf" sub00/vhpl54 1382720902
EN cb16ce_mxilinx_ppm NULL "/home/atomic/Documents/Code/TeamGold/Experiment 3/ppm.vhf" sub00/vhpl58 1382720896
AR fd4ce_mxilinx_codedisc behavioral "/home/atomic/Documents/Code/TeamGold/Experiment 3/CODEDISC.vhf" sub00/vhpl17 1382720869
AR compm4_mxilinx_ppm behavioral D:/work/academic/cs2204/fall11/labs/pfhvsm/ppm.vhf sub00/vhpl75 1315245365
AR ftclex_mxilinx_ppm behavioral "/home/atomic/Documents/Code/TeamGold/Experiment 3/ppm.vhf" sub00/vhpl61 1382720907
AR cd4ce_mxilinx_ppm behavioral "/home/atomic/Documents/Code/TeamGold/Experiment 3/ppm.vhf" sub00/vhpl55 1382720903
AR m2_1e_mxilinx_x74_153 behavioral "/home/atomic/Documents/Code/TeamGold/Experiment 3/X74_153.vhf" sub00/vhpl69 1382720915
AR codegen behavioral "/home/atomic/Documents/Code/TeamGold/Experiment 3/CODEGEN.vhf" sub00/vhpl09 1382720861
EN cb4ce_mxilinx_ppm NULL "/home/atomic/Documents/Code/TeamGold/Experiment 3/ppm.vhf" sub00/vhpl24 1382512352
EN comp4_mxilinx_codedisc NULL "/home/atomic/Documents/Code/TeamGold/Experiment 3/CODEDISC.vhf" sub00/vhpl18 1382720870
EN x74_153_muser_ppm NULL "/home/atomic/Documents/Code/TeamGold/Experiment 3/ppm.vhf" sub00/vhpl46 1382720886
AR m2_1e_mxilinx_u74_157 behavioral "/home/atomic/Documents/Code/TeamGold/Experiment 3/u74_157.vhf" sub00/vhpl01 1382720853
AR cb16ce_mxilinx_ppm behavioral "/home/atomic/Documents/Code/TeamGold/Experiment 3/ppm.vhf" sub00/vhpl59 1382720897
AR comp4_mxilinx_codedisc behavioral "/home/atomic/Documents/Code/TeamGold/Experiment 3/CODEDISC.vhf" sub00/vhpl19 1382720871
EN comp4_mxilinx_codegen NULL "/home/atomic/Documents/Code/TeamGold/Experiment 3/CODEGEN.vhf" sub00/vhpl04 1382720856
EN largestdisp NULL "/home/atomic/Documents/Code/TeamGold/Experiment 3/LARGESTDISP.vhf" sub00/vhpl14 1382720866
AR d2_4e_mxilinx_ppm behavioral "/home/atomic/Documents/Code/TeamGold/Experiment 3/ppm.vhf" sub00/vhpl57 1382720875
EN m2_1_mxilinx_x74_153 NULL "/home/atomic/Documents/Code/TeamGold/Experiment 3/X74_153.vhf" sub00/vhpl70 1382720916
EN add8_mxilinx_ppm NULL "/home/atomic/Documents/Code/TeamGold/Experiment 3/ppm.vhf" sub00/vhpl30 1382720880
EN m2_1e_mxilinx_x74_153 NULL "/home/atomic/Documents/Code/TeamGold/Experiment 3/X74_153.vhf" sub00/vhpl68 1382720914
AR fd4ce_mxilinx_ppm behavioral "/home/atomic/Documents/Code/TeamGold/Experiment 3/ppm.vhf" sub00/vhpl41 1382720893
AR m2_1_mxilinx_x74_153 behavioral "/home/atomic/Documents/Code/TeamGold/Experiment 3/X74_153.vhf" sub00/vhpl71 1382720917
EN x74_153 NULL "/home/atomic/Documents/Code/TeamGold/Experiment 3/X74_153.vhf" sub00/vhpl72 1382720918
AR x74_153 behavioral "/home/atomic/Documents/Code/TeamGold/Experiment 3/X74_153.vhf" sub00/vhpl73 1382720919
EN ftclex_mxilinx_ppm NULL "/home/atomic/Documents/Code/TeamGold/Experiment 3/ppm.vhf" sub00/vhpl60 1382720906
EN fd4ce_mxilinx_codegen NULL "/home/atomic/Documents/Code/TeamGold/Experiment 3/CODEGEN.vhf" sub00/vhpl06 1382720858
AR u74_157 behavioral "/home/atomic/Documents/Code/TeamGold/Experiment 3/u74_157.vhf" sub00/vhpl03 1382720855
EN d2_4e_mxilinx_ppm NULL "/home/atomic/Documents/Code/TeamGold/Experiment 3/ppm.vhf" sub00/vhpl56 1382720874
EN m8_1e_mxilinx_ppm NULL "/home/atomic/Documents/Code/TeamGold/Experiment 3/ppm.vhf" sub00/vhpl64 1382720910
EN m2_1e_mxilinx_u74_157 NULL "/home/atomic/Documents/Code/TeamGold/Experiment 3/u74_157.vhf" sub00/vhpl00 1382720852
EN u74_157 NULL "/home/atomic/Documents/Code/TeamGold/Experiment 3/u74_157.vhf" sub00/vhpl02 1382720854
AR add8_mxilinx_ppm behavioral "/home/atomic/Documents/Code/TeamGold/Experiment 3/ppm.vhf" sub00/vhpl31 1382720881
EN ftce_mxilinx_ppm NULL "/home/atomic/Documents/Code/TeamGold/Experiment 3/ppm.vhf" sub00/vhpl22 1382720894
EN cb4cle_mxilinx_ppm NULL "/home/atomic/Documents/Code/TeamGold/Experiment 3/ppm.vhf" sub00/vhpl62 1382720908
EN d3_8e_mxilinx_ppm NULL "/home/atomic/Documents/Code/TeamGold/Experiment 3/ppm.vhf" sub00/vhpl38 1382720904
AR ftce_mxilinx_ppm behavioral "/home/atomic/Documents/Code/TeamGold/Experiment 3/ppm.vhf" sub00/vhpl23 1382720895
AR compm2_mxilinx_ppm behavioral "/home/atomic/Documents/Code/TeamGold/Experiment 3/ppm.vhf" sub00/vhpl43 1382512355
AR compm8_mxilinx_ppm behavioral "/home/atomic/Documents/Code/TeamGold/Experiment 3/ppm.vhf" sub00/vhpl29 1382512349
EN compm4_mxilinx_largestdisp NULL "/home/atomic/Documents/Code/TeamGold/Experiment 3/LARGESTDISP.vhf" sub00/vhpl12 1382720864
AR m2_1_mxilinx_ppm behavioral "/home/atomic/Documents/Code/TeamGold/Experiment 3/ppm.vhf" sub00/vhpl33 1382720879
AR u74_157_muser_ppm behavioral "/home/atomic/Documents/Code/TeamGold/Experiment 3/ppm.vhf" sub00/vhpl45 1382720889
AR largestdisp behavioral "/home/atomic/Documents/Code/TeamGold/Experiment 3/LARGESTDISP.vhf" sub00/vhpl15 1382720867
EN m2_1_mxilinx_ppm NULL "/home/atomic/Documents/Code/TeamGold/Experiment 3/ppm.vhf" sub00/vhpl32 1382720878
EN m4_1e_mxilinx_ppm NULL "/home/atomic/Documents/Code/TeamGold/Experiment 3/ppm.vhf" sub00/vhpl48 1382720884
AR comp4_mxilinx_ppm behavioral "/home/atomic/Documents/Code/TeamGold/Experiment 3/ppm.vhf" sub00/vhpl27 1382720891
EN compm4_mxilinx_ppm NULL D:/work/academic/cs2204/fall11/labs/pfhvsm/ppm.vhf sub00/vhpl74 1315245364
EN cb2ce_mxilinx_ppm NULL "/home/atomic/Documents/Code/TeamGold/Experiment 3/ppm.vhf" sub00/vhpl36 1382720898
AR compm4_mxilinx_largestdisp behavioral "/home/atomic/Documents/Code/TeamGold/Experiment 3/LARGESTDISP.vhf" sub00/vhpl13 1382720865
AR cb4cle_mxilinx_ppm behavioral "/home/atomic/Documents/Code/TeamGold/Experiment 3/ppm.vhf" sub00/vhpl63 1382720909
AR x74_153_muser_ppm behavioral "/home/atomic/Documents/Code/TeamGold/Experiment 3/ppm.vhf" sub00/vhpl47 1382720887
EN fd4ce_mxilinx_codedisc NULL "/home/atomic/Documents/Code/TeamGold/Experiment 3/CODEDISC.vhf" sub00/vhpl16 1382720868
EN m2_1e_mxilinx_ppm NULL "/home/atomic/Documents/Code/TeamGold/Experiment 3/ppm.vhf" sub00/vhpl34 1382720882
AR d3_8e_mxilinx_ppm behavioral "/home/atomic/Documents/Code/TeamGold/Experiment 3/ppm.vhf" sub00/vhpl39 1382720905
AR fd8ce_mxilinx_ppm behavioral "/home/atomic/Documents/Code/TeamGold/Experiment 3/ppm.vhf" sub00/vhpl53 1382720901
EN codegen NULL "/home/atomic/Documents/Code/TeamGold/Experiment 3/CODEGEN.vhf" sub00/vhpl08 1382720860
AR fd4ce_mxilinx_codegen behavioral "/home/atomic/Documents/Code/TeamGold/Experiment 3/CODEGEN.vhf" sub00/vhpl07 1382720859
EN ppm NULL "/home/atomic/Documents/Code/TeamGold/Experiment 3/ppm.vhf" sub00/vhpl66 1382720912
EN zerodisplay NULL "/home/atomic/Documents/Code/TeamGold/Experiment 3/ZERODISPLAY.vhf" sub00/vhpl10 1382720862
EN codedisc NULL "/home/atomic/Documents/Code/TeamGold/Experiment 3/CODEDISC.vhf" sub00/vhpl20 1382720872
AR cb2ce_mxilinx_ppm behavioral "/home/atomic/Documents/Code/TeamGold/Experiment 3/ppm.vhf" sub00/vhpl37 1382720899
