EN u74_157_muser_ppm NULL "/home/atomic/Documents/Code/TeamGold/Experiment 3/ppm.vhf" sub00/vhpl44 1382722887
EN fd4ce_mxilinx_ppm NULL "/home/atomic/Documents/Code/TeamGold/Experiment 3/ppm.vhf" sub00/vhpl40 1382722891
EN comp4_mxilinx_ppm NULL "/home/atomic/Documents/Code/TeamGold/Experiment 3/ppm.vhf" sub00/vhpl26 1382722889
AR m8_1e_mxilinx_ppm behavioral "/home/atomic/Documents/Code/TeamGold/Experiment 3/ppm.vhf" sub00/vhpl65 1382722910
AR m2_1e_mxilinx_ppm behavioral "/home/atomic/Documents/Code/TeamGold/Experiment 3/ppm.vhf" sub00/vhpl35 1382722882
EN compm8_mxilinx_ppm NULL "/home/atomic/Documents/Code/TeamGold/Experiment 3/ppm.vhf" sub00/vhpl28 1382512348
EN add4_mxilinx_ppm NULL "/home/atomic/Documents/Code/TeamGold/Experiment 3/ppm.vhf" sub00/vhpl50 1382722875
EN compm2_mxilinx_ppm NULL "/home/atomic/Documents/Code/TeamGold/Experiment 3/ppm.vhf" sub00/vhpl42 1382512354
AR codedisc behavioral "/home/atomic/Documents/Code/TeamGold/Experiment 3/CODEDISC.vhf" sub00/vhpl21 1382722872
AR zerodisplay behavioral "/home/atomic/Documents/Code/TeamGold/Experiment 3/ZERODISPLAY.vhf" sub00/vhpl11 1382722862
AR comp4_mxilinx_codegen behavioral "/home/atomic/Documents/Code/TeamGold/Experiment 3/CODEGEN.vhf" sub00/vhpl05 1382722856
EN fd8ce_mxilinx_ppm NULL "/home/atomic/Documents/Code/TeamGold/Experiment 3/ppm.vhf" sub00/vhpl52 1382722899
AR cb4ce_mxilinx_ppm behavioral "/home/atomic/Documents/Code/TeamGold/Experiment 3/ppm.vhf" sub00/vhpl25 1382512353
AR ppm behavioral "/home/atomic/Documents/Code/TeamGold/Experiment 3/ppm.vhf" sub00/vhpl67 1382722912
AR add4_mxilinx_ppm behavioral "/home/atomic/Documents/Code/TeamGold/Experiment 3/ppm.vhf" sub00/vhpl51 1382722876
AR m4_1e_mxilinx_ppm behavioral "/home/atomic/Documents/Code/TeamGold/Experiment 3/ppm.vhf" sub00/vhpl49 1382722884
EN cd4ce_mxilinx_ppm NULL "/home/atomic/Documents/Code/TeamGold/Experiment 3/ppm.vhf" sub00/vhpl54 1382722901
EN cb16ce_mxilinx_ppm NULL "/home/atomic/Documents/Code/TeamGold/Experiment 3/ppm.vhf" sub00/vhpl58 1382722895
AR fd4ce_mxilinx_codedisc behavioral "/home/atomic/Documents/Code/TeamGold/Experiment 3/CODEDISC.vhf" sub00/vhpl17 1382722868
AR compm4_mxilinx_ppm behavioral D:/work/academic/cs2204/fall11/labs/pfhvsm/ppm.vhf sub00/vhpl75 1315245365
AR ftclex_mxilinx_ppm behavioral "/home/atomic/Documents/Code/TeamGold/Experiment 3/ppm.vhf" sub00/vhpl61 1382722906
AR cd4ce_mxilinx_ppm behavioral "/home/atomic/Documents/Code/TeamGold/Experiment 3/ppm.vhf" sub00/vhpl55 1382722902
AR m2_1e_mxilinx_x74_153 behavioral "/home/atomic/Documents/Code/TeamGold/Experiment 3/X74_153.vhf" sub00/vhpl69 1382722914
AR codegen behavioral "/home/atomic/Documents/Code/TeamGold/Experiment 3/CODEGEN.vhf" sub00/vhpl09 1382722860
EN cb4ce_mxilinx_ppm NULL "/home/atomic/Documents/Code/TeamGold/Experiment 3/ppm.vhf" sub00/vhpl24 1382512352
EN comp4_mxilinx_codedisc NULL "/home/atomic/Documents/Code/TeamGold/Experiment 3/CODEDISC.vhf" sub00/vhpl18 1382722869
EN x74_153_muser_ppm NULL "/home/atomic/Documents/Code/TeamGold/Experiment 3/ppm.vhf" sub00/vhpl46 1382722885
AR m2_1e_mxilinx_u74_157 behavioral "/home/atomic/Documents/Code/TeamGold/Experiment 3/u74_157.vhf" sub00/vhpl01 1382722852
AR cb16ce_mxilinx_ppm behavioral "/home/atomic/Documents/Code/TeamGold/Experiment 3/ppm.vhf" sub00/vhpl59 1382722896
AR comp4_mxilinx_codedisc behavioral "/home/atomic/Documents/Code/TeamGold/Experiment 3/CODEDISC.vhf" sub00/vhpl19 1382722870
EN comp4_mxilinx_codegen NULL "/home/atomic/Documents/Code/TeamGold/Experiment 3/CODEGEN.vhf" sub00/vhpl04 1382722855
EN largestdisp NULL "/home/atomic/Documents/Code/TeamGold/Experiment 3/LARGESTDISP.vhf" sub00/vhpl14 1382722865
AR d2_4e_mxilinx_ppm behavioral "/home/atomic/Documents/Code/TeamGold/Experiment 3/ppm.vhf" sub00/vhpl57 1382722874
EN m2_1_mxilinx_x74_153 NULL "/home/atomic/Documents/Code/TeamGold/Experiment 3/X74_153.vhf" sub00/vhpl70 1382722915
EN add8_mxilinx_ppm NULL "/home/atomic/Documents/Code/TeamGold/Experiment 3/ppm.vhf" sub00/vhpl30 1382722879
EN m2_1e_mxilinx_x74_153 NULL "/home/atomic/Documents/Code/TeamGold/Experiment 3/X74_153.vhf" sub00/vhpl68 1382722913
AR fd4ce_mxilinx_ppm behavioral "/home/atomic/Documents/Code/TeamGold/Experiment 3/ppm.vhf" sub00/vhpl41 1382722892
AR m2_1_mxilinx_x74_153 behavioral "/home/atomic/Documents/Code/TeamGold/Experiment 3/X74_153.vhf" sub00/vhpl71 1382722916
EN x74_153 NULL "/home/atomic/Documents/Code/TeamGold/Experiment 3/X74_153.vhf" sub00/vhpl72 1382722917
AR x74_153 behavioral "/home/atomic/Documents/Code/TeamGold/Experiment 3/X74_153.vhf" sub00/vhpl73 1382722918
EN ftclex_mxilinx_ppm NULL "/home/atomic/Documents/Code/TeamGold/Experiment 3/ppm.vhf" sub00/vhpl60 1382722905
EN fd4ce_mxilinx_codegen NULL "/home/atomic/Documents/Code/TeamGold/Experiment 3/CODEGEN.vhf" sub00/vhpl06 1382722857
AR u74_157 behavioral "/home/atomic/Documents/Code/TeamGold/Experiment 3/u74_157.vhf" sub00/vhpl03 1382722854
EN d2_4e_mxilinx_ppm NULL "/home/atomic/Documents/Code/TeamGold/Experiment 3/ppm.vhf" sub00/vhpl56 1382722873
EN m8_1e_mxilinx_ppm NULL "/home/atomic/Documents/Code/TeamGold/Experiment 3/ppm.vhf" sub00/vhpl64 1382722909
EN m2_1e_mxilinx_u74_157 NULL "/home/atomic/Documents/Code/TeamGold/Experiment 3/u74_157.vhf" sub00/vhpl00 1382722851
EN u74_157 NULL "/home/atomic/Documents/Code/TeamGold/Experiment 3/u74_157.vhf" sub00/vhpl02 1382722853
AR add8_mxilinx_ppm behavioral "/home/atomic/Documents/Code/TeamGold/Experiment 3/ppm.vhf" sub00/vhpl31 1382722880
EN ftce_mxilinx_ppm NULL "/home/atomic/Documents/Code/TeamGold/Experiment 3/ppm.vhf" sub00/vhpl22 1382722893
EN cb4cle_mxilinx_ppm NULL "/home/atomic/Documents/Code/TeamGold/Experiment 3/ppm.vhf" sub00/vhpl62 1382722907
EN d3_8e_mxilinx_ppm NULL "/home/atomic/Documents/Code/TeamGold/Experiment 3/ppm.vhf" sub00/vhpl38 1382722903
AR ftce_mxilinx_ppm behavioral "/home/atomic/Documents/Code/TeamGold/Experiment 3/ppm.vhf" sub00/vhpl23 1382722894
AR compm2_mxilinx_ppm behavioral "/home/atomic/Documents/Code/TeamGold/Experiment 3/ppm.vhf" sub00/vhpl43 1382512355
AR compm8_mxilinx_ppm behavioral "/home/atomic/Documents/Code/TeamGold/Experiment 3/ppm.vhf" sub00/vhpl29 1382512349
EN compm4_mxilinx_largestdisp NULL "/home/atomic/Documents/Code/TeamGold/Experiment 3/LARGESTDISP.vhf" sub00/vhpl12 1382722863
AR m2_1_mxilinx_ppm behavioral "/home/atomic/Documents/Code/TeamGold/Experiment 3/ppm.vhf" sub00/vhpl33 1382722878
AR u74_157_muser_ppm behavioral "/home/atomic/Documents/Code/TeamGold/Experiment 3/ppm.vhf" sub00/vhpl45 1382722888
AR largestdisp behavioral "/home/atomic/Documents/Code/TeamGold/Experiment 3/LARGESTDISP.vhf" sub00/vhpl15 1382722866
EN m2_1_mxilinx_ppm NULL "/home/atomic/Documents/Code/TeamGold/Experiment 3/ppm.vhf" sub00/vhpl32 1382722877
EN m4_1e_mxilinx_ppm NULL "/home/atomic/Documents/Code/TeamGold/Experiment 3/ppm.vhf" sub00/vhpl48 1382722883
AR comp4_mxilinx_ppm behavioral "/home/atomic/Documents/Code/TeamGold/Experiment 3/ppm.vhf" sub00/vhpl27 1382722890
EN compm4_mxilinx_ppm NULL D:/work/academic/cs2204/fall11/labs/pfhvsm/ppm.vhf sub00/vhpl74 1315245364
EN cb2ce_mxilinx_ppm NULL "/home/atomic/Documents/Code/TeamGold/Experiment 3/ppm.vhf" sub00/vhpl36 1382722897
AR compm4_mxilinx_largestdisp behavioral "/home/atomic/Documents/Code/TeamGold/Experiment 3/LARGESTDISP.vhf" sub00/vhpl13 1382722864
AR cb4cle_mxilinx_ppm behavioral "/home/atomic/Documents/Code/TeamGold/Experiment 3/ppm.vhf" sub00/vhpl63 1382722908
AR x74_153_muser_ppm behavioral "/home/atomic/Documents/Code/TeamGold/Experiment 3/ppm.vhf" sub00/vhpl47 1382722886
EN fd4ce_mxilinx_codedisc NULL "/home/atomic/Documents/Code/TeamGold/Experiment 3/CODEDISC.vhf" sub00/vhpl16 1382722867
EN m2_1e_mxilinx_ppm NULL "/home/atomic/Documents/Code/TeamGold/Experiment 3/ppm.vhf" sub00/vhpl34 1382722881
AR d3_8e_mxilinx_ppm behavioral "/home/atomic/Documents/Code/TeamGold/Experiment 3/ppm.vhf" sub00/vhpl39 1382722904
AR fd8ce_mxilinx_ppm behavioral "/home/atomic/Documents/Code/TeamGold/Experiment 3/ppm.vhf" sub00/vhpl53 1382722900
EN codegen NULL "/home/atomic/Documents/Code/TeamGold/Experiment 3/CODEGEN.vhf" sub00/vhpl08 1382722859
AR fd4ce_mxilinx_codegen behavioral "/home/atomic/Documents/Code/TeamGold/Experiment 3/CODEGEN.vhf" sub00/vhpl07 1382722858
EN ppm NULL "/home/atomic/Documents/Code/TeamGold/Experiment 3/ppm.vhf" sub00/vhpl66 1382722911
EN zerodisplay NULL "/home/atomic/Documents/Code/TeamGold/Experiment 3/ZERODISPLAY.vhf" sub00/vhpl10 1382722861
EN codedisc NULL "/home/atomic/Documents/Code/TeamGold/Experiment 3/CODEDISC.vhf" sub00/vhpl20 1382722871
AR cb2ce_mxilinx_ppm behavioral "/home/atomic/Documents/Code/TeamGold/Experiment 3/ppm.vhf" sub00/vhpl37 1382722898
